Archive member included to satisfy reference by file (symbol)

c:/gnuarm~1/102021~1.10/bin/../lib/gcc/arm-none-eabi/10.3.1/../../../../arm-none-eabi/lib/thumb/v7-m/nofp\libc_nano.a(lib_a-exit.o)
                              c:/gnuarm~1/102021~1.10/bin/../lib/gcc/arm-none-eabi/10.3.1/../../../../arm-none-eabi/lib/thumb/v7-m/nofp/rdimon-crt0.o (exit)
c:/gnuarm~1/102021~1.10/bin/../lib/gcc/arm-none-eabi/10.3.1/../../../../arm-none-eabi/lib/thumb/v7-m/nofp\libc_nano.a(lib_a-impure.o)
                              c:/gnuarm~1/102021~1.10/bin/../lib/gcc/arm-none-eabi/10.3.1/../../../../arm-none-eabi/lib/thumb/v7-m/nofp\libc_nano.a(lib_a-exit.o) (_global_impure_ptr)
c:/gnuarm~1/102021~1.10/bin/../lib/gcc/arm-none-eabi/10.3.1/../../../../arm-none-eabi/lib/thumb/v7-m/nofp\libc_nano.a(lib_a-init.o)
                              c:/gnuarm~1/102021~1.10/bin/../lib/gcc/arm-none-eabi/10.3.1/../../../../arm-none-eabi/lib/thumb/v7-m/nofp/rdimon-crt0.o (__libc_init_array)
c:/gnuarm~1/102021~1.10/bin/../lib/gcc/arm-none-eabi/10.3.1/../../../../arm-none-eabi/lib/thumb/v7-m/nofp\libc_nano.a(lib_a-memset.o)
                              c:/gnuarm~1/102021~1.10/bin/../lib/gcc/arm-none-eabi/10.3.1/../../../../arm-none-eabi/lib/thumb/v7-m/nofp/rdimon-crt0.o (memset)
c:/gnuarm~1/102021~1.10/bin/../lib/gcc/arm-none-eabi/10.3.1/../../../../arm-none-eabi/lib/thumb/v7-m/nofp\librdimon_nano.a(rdimon-syscalls.o)
                              c:/gnuarm~1/102021~1.10/bin/../lib/gcc/arm-none-eabi/10.3.1/../../../../arm-none-eabi/lib/thumb/v7-m/nofp/rdimon-crt0.o (initialise_monitor_handles)
c:/gnuarm~1/102021~1.10/bin/../lib/gcc/arm-none-eabi/10.3.1/../../../../arm-none-eabi/lib/thumb/v7-m/nofp\librdimon_nano.a(rdimon-_exit.o)
                              c:/gnuarm~1/102021~1.10/bin/../lib/gcc/arm-none-eabi/10.3.1/../../../../arm-none-eabi/lib/thumb/v7-m/nofp\libc_nano.a(lib_a-exit.o) (_exit)
c:/gnuarm~1/102021~1.10/bin/../lib/gcc/arm-none-eabi/10.3.1/../../../../arm-none-eabi/lib/thumb/v7-m/nofp\librdimon_nano.a(rdimon-_kill.o)
                              c:/gnuarm~1/102021~1.10/bin/../lib/gcc/arm-none-eabi/10.3.1/../../../../arm-none-eabi/lib/thumb/v7-m/nofp\librdimon_nano.a(rdimon-_exit.o) (_kill_shared)
c:/gnuarm~1/102021~1.10/bin/../lib/gcc/arm-none-eabi/10.3.1/../../../../arm-none-eabi/lib/thumb/v7-m/nofp\libc_nano.a(lib_a-errno.o)
                              c:/gnuarm~1/102021~1.10/bin/../lib/gcc/arm-none-eabi/10.3.1/../../../../arm-none-eabi/lib/thumb/v7-m/nofp\librdimon_nano.a(rdimon-syscalls.o) (__errno)
c:/gnuarm~1/102021~1.10/bin/../lib/gcc/arm-none-eabi/10.3.1/../../../../arm-none-eabi/lib/thumb/v7-m/nofp\libc_nano.a(lib_a-findfp.o)
                              c:/gnuarm~1/102021~1.10/bin/../lib/gcc/arm-none-eabi/10.3.1/../../../../arm-none-eabi/lib/thumb/v7-m/nofp\librdimon_nano.a(rdimon-syscalls.o) (__sinit)
c:/gnuarm~1/102021~1.10/bin/../lib/gcc/arm-none-eabi/10.3.1/../../../../arm-none-eabi/lib/thumb/v7-m/nofp\libc_nano.a(lib_a-fwalk.o)
                              c:/gnuarm~1/102021~1.10/bin/../lib/gcc/arm-none-eabi/10.3.1/../../../../arm-none-eabi/lib/thumb/v7-m/nofp\libc_nano.a(lib_a-findfp.o) (_fwalk)
c:/gnuarm~1/102021~1.10/bin/../lib/gcc/arm-none-eabi/10.3.1/../../../../arm-none-eabi/lib/thumb/v7-m/nofp\libc_nano.a(lib_a-lock.o)
                              c:/gnuarm~1/102021~1.10/bin/../lib/gcc/arm-none-eabi/10.3.1/../../../../arm-none-eabi/lib/thumb/v7-m/nofp\libc_nano.a(lib_a-findfp.o) (__retarget_lock_init_recursive)
c:/gnuarm~1/102021~1.10/bin/../lib/gcc/arm-none-eabi/10.3.1/../../../../arm-none-eabi/lib/thumb/v7-m/nofp\libc_nano.a(lib_a-nano-mallocr.o)
                              c:/gnuarm~1/102021~1.10/bin/../lib/gcc/arm-none-eabi/10.3.1/../../../../arm-none-eabi/lib/thumb/v7-m/nofp\libc_nano.a(lib_a-findfp.o) (_malloc_r)
c:/gnuarm~1/102021~1.10/bin/../lib/gcc/arm-none-eabi/10.3.1/../../../../arm-none-eabi/lib/thumb/v7-m/nofp\libc_nano.a(lib_a-sbrkr.o)
                              c:/gnuarm~1/102021~1.10/bin/../lib/gcc/arm-none-eabi/10.3.1/../../../../arm-none-eabi/lib/thumb/v7-m/nofp\libc_nano.a(lib_a-nano-mallocr.o) (_sbrk_r)
c:/gnuarm~1/102021~1.10/bin/../lib/gcc/arm-none-eabi/10.3.1/../../../../arm-none-eabi/lib/thumb/v7-m/nofp\libc_nano.a(lib_a-stdio.o)
                              c:/gnuarm~1/102021~1.10/bin/../lib/gcc/arm-none-eabi/10.3.1/../../../../arm-none-eabi/lib/thumb/v7-m/nofp\libc_nano.a(lib_a-findfp.o) (__sread)
c:/gnuarm~1/102021~1.10/bin/../lib/gcc/arm-none-eabi/10.3.1/../../../../arm-none-eabi/lib/thumb/v7-m/nofp\libc_nano.a(lib_a-strlen.o)
                              c:/gnuarm~1/102021~1.10/bin/../lib/gcc/arm-none-eabi/10.3.1/../../../../arm-none-eabi/lib/thumb/v7-m/nofp\librdimon_nano.a(rdimon-syscalls.o) (strlen)
c:/gnuarm~1/102021~1.10/bin/../lib/gcc/arm-none-eabi/10.3.1/../../../../arm-none-eabi/lib/thumb/v7-m/nofp\libc_nano.a(lib_a-writer.o)
[...]
Memory Configuration

Name             Origin             Length             Attributes
RAM              0x20000000         0x00005000         xrw
FLASH            0x08000000         0x00020000         xr
*default*        0x00000000         0xffffffff

Linker script and memory map

LOAD c:/gnuarm~1/102021~1.10/bin/../lib/gcc/arm-none-eabi/10.3.1/thumb/v7-m/nofp/crti.o
LOAD c:/gnuarm~1/102021~1.10/bin/../lib/gcc/arm-none-eabi/10.3.1/thumb/v7-m/nofp/crtbegin.o
LOAD c:/gnuarm~1/102021~1.10/bin/../lib/gcc/arm-none-eabi/10.3.1/../../../../arm-none-eabi/lib/thumb/v7-m/nofp/rdimon-crt0.o
LOAD CMakeFiles/GD32F103.elf.dir/src/main.cpp.obj
LOAD CMakeFiles/GD32F103.elf.dir/device/startup_gd32f10x_md.s.obj
LOAD CMakeFiles/GD32F103.elf.dir/device/system_gd32f10x.c.obj
LOAD CMakeFiles/GD32F103.elf.dir/device/src/gd32f10x_adc.c.obj
LOAD CMakeFiles/GD32F103.elf.dir/device/src/gd32f10x_bkp.c.obj
LOAD CMakeFiles/GD32F103.elf.dir/device/src/gd32f10x_can.c.obj
LOAD CMakeFiles/GD32F103.elf.dir/device/src/gd32f10x_crc.c.obj
LOAD CMakeFiles/GD32F103.elf.dir/device/src/gd32f10x_dac.c.obj
LOAD CMakeFiles/GD32F103.elf.dir/device/src/gd32f10x_dbg.c.obj
LOAD CMakeFiles/GD32F103.elf.dir/device/src/gd32f10x_dma.c.obj
LOAD CMakeFiles/GD32F103.elf.dir/device/src/gd32f10x_enet.c.obj
LOAD CMakeFiles/GD32F103.elf.dir/device/src/gd32f10x_exmc.c.obj
LOAD CMakeFiles/GD32F103.elf.dir/device/src/gd32f10x_exti.c.obj
LOAD CMakeFiles/GD32F103.elf.dir/device/src/gd32f10x_fmc.c.obj
LOAD CMakeFiles/GD32F103.elf.dir/device/src/gd32f10x_fwdgt.c.obj
LOAD CMakeFiles/GD32F103.elf.dir/device/src/gd32f10x_gpio.c.obj
LOAD CMakeFiles/GD32F103.elf.dir/device/src/gd32f10x_i2c.c.obj
LOAD CMakeFiles/GD32F103.elf.dir/device/src/gd32f10x_misc.c.obj
LOAD CMakeFiles/GD32F103.elf.dir/device/src/gd32f10x_pmu.c.obj
LOAD CMakeFiles/GD32F103.elf.dir/device/src/gd32f10x_rcu.c.obj
LOAD CMakeFiles/GD32F103.elf.dir/device/src/gd32f10x_rtc.c.obj
LOAD CMakeFiles/GD32F103.elf.dir/device/src/gd32f10x_sdio.c.obj
LOAD CMakeFiles/GD32F103.elf.dir/device/src/gd32f10x_spi.c.obj
LOAD CMakeFiles/GD32F103.elf.dir/device/src/gd32f10x_timer.c.obj
LOAD CMakeFiles/GD32F103.elf.dir/device/src/gd32f10x_usart.c.obj
LOAD CMakeFiles/GD32F103.elf.dir/device/src/gd32f10x_wwdgt.c.obj
LOAD c:/gnuarm~1/102021~1.10/bin/../lib/gcc/arm-none-eabi/10.3.1/../../../../arm-none-eabi/lib/thumb/v7-m/nofp\libstdc++_nano.a
LOAD c:/gnuarm~1/102021~1.10/bin/../lib/gcc/arm-none-eabi/10.3.1/../../../../arm-none-eabi/lib/thumb/v7-m/nofp\libm.a
LOAD c:/gnuarm~1/102021~1.10/bin/../lib/gcc/arm-none-eabi/10.3.1/../../../../arm-none-eabi/lib/thumb/v7-m/nofp\libc_nano.a
START GROUP
LOAD c:/gnuarm~1/102021~1.10/bin/../lib/gcc/arm-none-eabi/10.3.1/thumb/v7-m/nofp\libgcc.a
LOAD c:/gnuarm~1/102021~1.10/bin/../lib/gcc/arm-none-eabi/10.3.1/../../../../arm-none-eabi/lib/thumb/v7-m/nofp\libc_nano.a
END GROUP
START GROUP
LOAD c:/gnuarm~1/102021~1.10/bin/../lib/gcc/arm-none-eabi/10.3.1/thumb/v7-m/nofp\libgcc.a
LOAD c:/gnuarm~1/102021~1.10/bin/../lib/gcc/arm-none-eabi/10.3.1/../../../../arm-none-eabi/lib/thumb/v7-m/nofp\libc_nano.a
LOAD c:/gnuarm~1/102021~1.10/bin/../lib/gcc/arm-none-eabi/10.3.1/../../../../arm-none-eabi/lib/thumb/v7-m/nofp\librdimon_nano.a
LOAD c:/gnuarm~1/102021~1.10/bin/../lib/gcc/arm-none-eabi/10.3.1/../../../../arm-none-eabi/lib/thumb/v7-m/nofp\libnosys.a
END GROUP
START GROUP
LOAD c:/gnuarm~1/102021~1.10/bin/../lib/gcc/arm-none-eabi/10.3.1/thumb/v7-m/nofp\libgcc.a
LOAD c:/gnuarm~1/102021~1.10/bin/../lib/gcc/arm-none-eabi/10.3.1/../../../../arm-none-eabi/lib/thumb/v7-m/nofp\libc_nano.a
LOAD c:/gnuarm~1/102021~1.10/bin/../lib/gcc/arm-none-eabi/10.3.1/../../../../arm-none-eabi/lib/thumb/v7-m/nofp\librdimon_nano.a
END GROUP
START GROUP
LOAD c:/gnuarm~1/102021~1.10/bin/../lib/gcc/arm-none-eabi/10.3.1/thumb/v7-m/nofp\libgcc.a
LOAD c:/gnuarm~1/102021~1.10/bin/../lib/gcc/arm-none-eabi/10.3.1/../../../../arm-none-eabi/lib/thumb/v7-m/nofp\libc_nano.a
LOAD c:/gnuarm~1/102021~1.10/bin/../lib/gcc/arm-none-eabi/10.3.1/../../../../arm-none-eabi/lib/thumb/v7-m/nofp\libnosys.a
END GROUP
LOAD c:/gnuarm~1/102021~1.10/bin/../lib/gcc/arm-none-eabi/10.3.1/thumb/v7-m/nofp/crtend.o
LOAD c:/gnuarm~1/102021~1.10/bin/../lib/gcc/arm-none-eabi/10.3.1/thumb/v7-m/nofp/crtn.o
                0x20005000                _estack = (ORIGIN (RAM) + LENGTH (RAM))
                0x00000200                _Min_Heap_Size = 0x200
                0x00000400                _Min_Stack_Size = 0x400

.isr_vector     0x08000000      0x104
                0x08000000                . = ALIGN (0x4)
 *(.isr_vector)
 .isr_vector    0x08000000      0x104 CMakeFiles/GD32F103.elf.dir/device/startup_gd32f10x_md.s.obj
                0x08000000                g_pfnVectors
                0x08000104                . = ALIGN (0x4)

.text           0x08000104      0x318
                0x08000104                . = ALIGN (0x4)
 *(.text)
 .text          0x08000104       0x40 c:/gnuarm~1/102021~1.10/bin/../lib/gcc/arm-none-eabi/10.3.1/thumb/v7-m/nofp/crtbegin.o
 *(.text*)
 .text.main     0x08000144        0xe CMakeFiles/GD32F103.elf.dir/src/main.cpp.obj
                0x08000144                main
 *fill*         0x08000152        0x2 
 .text.Reset_Handler
                0x08000154       0x48 CMakeFiles/GD32F103.elf.dir/device/startup_gd32f10x_md.s.obj
                0x08000154                Reset_Handler
 .text.Default_Handler
                0x0800019c        0x2 CMakeFiles/GD32F103.elf.dir/device/startup_gd32f10x_md.s.obj
                0x0800019c                RTC_Alarm_IRQHandler
                0x0800019c                EXTI2_IRQHandler
                0x0800019c                TIMER2_IRQHandler
                0x0800019c                DebugMon_Handler
                0x0800019c                LVD_IRQHandler
                0x0800019c                TIMER0_BRK_IRQHandler
                0x0800019c                HardFault_Handler
                0x0800019c                ADC0_1_IRQHandler
                0x0800019c                SysTick_Handler
                0x0800019c                TIMER0_UP_IRQHandler
                0x0800019c                PendSV_Handler
                0x0800019c                NMI_Handler
                0x0800019c                EXTI3_IRQHandler
                0x0800019c                TIMER3_IRQHandler
                0x0800019c                DMA0_Channel6_IRQHandler
                0x0800019c                I2C0_EV_IRQHandler
                0x0800019c                EXTI0_IRQHandler
                0x0800019c                UsageFault_Handler
                0x0800019c                SPI1_IRQHandler
                0x0800019c                DMA0_Channel0_IRQHandler
                0x0800019c                TAMPER_IRQHandler
                0x0800019c                DMA0_Channel3_IRQHandler
                0x0800019c                I2C0_ER_IRQHandler
                0x0800019c                RTC_IRQHandler
                0x0800019c                DMA0_Channel2_IRQHandler
                0x0800019c                USART0_IRQHandler
                0x0800019c                TIMER1_IRQHandler
                0x0800019c                TIMER0_TRG_CMT_IRQHandler
                0x0800019c                I2C1_EV_IRQHandler
                0x0800019c                EXTI10_15_IRQHandler
                0x0800019c                Default_Handler
                0x0800019c                WWDGT_IRQHandler
                0x0800019c                EXMC_IRQHandler
                0x0800019c                MemManage_Handler
                0x0800019c                USBD_WKUP_IRQHandler
                0x0800019c                SVC_Handler
                0x0800019c                EXTI4_IRQHandler
                0x0800019c                USBD_HP_CAN0_TX_IRQHandler
                0x0800019c                CAN0_RX1_IRQHandler
                0x0800019c                DMA0_Channel5_IRQHandler
                0x0800019c                EXTI5_9_IRQHandler
                0x0800019c                RCU_IRQHandler
                0x0800019c                DMA0_Channel1_IRQHandler
                0x0800019c                TIMER0_Channel_IRQHandler
                0x0800019c                EXTI1_IRQHandler
                0x0800019c                SPI0_IRQHandler
                0x0800019c                USART2_IRQHandler
                0x0800019c                CAN0_EWMC_IRQHandler
                0x0800019c                USBD_LP_CAN0_RX0_IRQHandler
                0x0800019c                BusFault_Handler
                0x0800019c                USART1_IRQHandler
                0x0800019c                I2C1_ER_IRQHandler
                0x0800019c                FMC_IRQHandler
                0x0800019c                DMA0_Channel4_IRQHandler
 .text.system_clock_config
                0x0800019e        0xc CMakeFiles/GD32F103.elf.dir/device/system_gd32f10x.c.obj
 *fill*         0x080001aa        0x2 
 .text.SystemInit
                0x080001ac       0xf0 CMakeFiles/GD32F103.elf.dir/device/system_gd32f10x.c.obj
                0x080001ac                SystemInit
 .text.system_clock_108m_hxtal
                0x0800029c       0xf0 CMakeFiles/GD32F103.elf.dir/device/system_gd32f10x.c.obj
 .text.nvic_vector_table_set
                0x0800038c       0x30 CMakeFiles/GD32F103.elf.dir/device/src/gd32f10x_misc.c.obj
                0x0800038c                nvic_vector_table_set
 .text.__libc_init_array
                0x080003bc       0x48 c:/gnuarm~1/102021~1.10/bin/../lib/gcc/arm-none-eabi/10.3.1/../../../../arm-none-eabi/lib/thumb/v7-m/nofp\libc_nano.a(lib_a-init.o)
                0x080003bc                __libc_init_array
 *(.glue_7)
 .glue_7        0x08000404        0x0 linker stubs
 *(.glue_7t)
 .glue_7t       0x08000404        0x0 linker stubs
 *(.eh_frame)
 .eh_frame      0x08000404        0x0 c:/gnuarm~1/102021~1.10/bin/../lib/gcc/arm-none-eabi/10.3.1/thumb/v7-m/nofp/crtbegin.o
 *(.init)
 .init          0x08000404        0x4 c:/gnuarm~1/102021~1.10/bin/../lib/gcc/arm-none-eabi/10.3.1/thumb/v7-m/nofp/crti.o
                0x08000404                _init
 .init          0x08000408        0x8 c:/gnuarm~1/102021~1.10/bin/../lib/gcc/arm-none-eabi/10.3.1/thumb/v7-m/nofp/crtn.o
 *(.fini)
 .fini          0x08000410        0x4 c:/gnuarm~1/102021~1.10/bin/../lib/gcc/arm-none-eabi/10.3.1/thumb/v7-m/nofp/crti.o
                0x08000410                _fini
 .fini          0x08000414        0x8 c:/gnuarm~1/102021~1.10/bin/../lib/gcc/arm-none-eabi/10.3.1/thumb/v7-m/nofp/crtn.o
                0x0800041c                . = ALIGN (0x4)
                0x0800041c                _etext = .

.vfp11_veneer   0x0800041c        0x0
 .vfp11_veneer  0x0800041c        0x0 linker stubs

.v4_bx          0x0800041c        0x0
 .v4_bx         0x0800041c        0x0 linker stubs

.iplt           0x0800041c        0x0
 .iplt          0x0800041c        0x0 c:/gnuarm~1/102021~1.10/bin/../lib/gcc/arm-none-eabi/10.3.1/thumb/v7-m/nofp/crtbegin.o

.rodata         0x0800041c        0x0
                0x0800041c                . = ALIGN (0x4)
 *(.rodata)
 *(.rodata*)
                0x0800041c                . = ALIGN (0x4)

.ARM.extab
 *(.ARM.extab* .gnu.linkonce.armextab.*)

.ARM            0x0800041c        0x8
                0x0800041c                __exidx_start = .
 *(.ARM.exidx*)
 .ARM.exidx.text.main
                0x0800041c        0x8 CMakeFiles/GD32F103.elf.dir/src/main.cpp.obj
                0x08000424                __exidx_end = .

.rel.dyn        0x08000424        0x0
 .rel.iplt      0x08000424        0x0 c:/gnuarm~1/102021~1.10/bin/../lib/gcc/arm-none-eabi/10.3.1/thumb/v7-m/nofp/crtbegin.o

.preinit_array  0x08000424        0x0
                0x08000424                PROVIDE (__preinit_array_start = .)
 *(.preinit_array*)
                0x08000424                PROVIDE (__preinit_array_end = .)

.init_array     0x08000424        0x4
                0x08000424                PROVIDE (__init_array_start = .)
 *(SORT_BY_NAME(.init_array.*))
 *(.init_array*)
 .init_array    0x08000424        0x4 c:/gnuarm~1/102021~1.10/bin/../lib/gcc/arm-none-eabi/10.3.1/thumb/v7-m/nofp/crtbegin.o
                0x08000428                PROVIDE (__init_array_end = .)

.fini_array     0x08000428        0x4
                [!provide]                PROVIDE (__fini_array_start = .)
 *(SORT_BY_NAME(.fini_array.*))
 *(.fini_array*)
 .fini_array    0x08000428        0x4 c:/gnuarm~1/102021~1.10/bin/../lib/gcc/arm-none-eabi/10.3.1/thumb/v7-m/nofp/crtbegin.o
                [!provide]                PROVIDE (__fini_array_end = .)
                0x0800042c                _sidata = LOADADDR (.data)

.data           0x20000000        0x0 load address 0x0800042c
                0x20000000                . = ALIGN (0x4)
                0x20000000                _sdata = .
 *(.data)
 *(.data*)
                0x20000000                . = ALIGN (0x4)
                0x20000000                _edata = .

.igot.plt       0x20000000        0x0 load address 0x0800042c
 .igot.plt      0x20000000        0x0 c:/gnuarm~1/102021~1.10/bin/../lib/gcc/arm-none-eabi/10.3.1/thumb/v7-m/nofp/crtbegin.o
                0x20000000                . = ALIGN (0x4)

.bss            0x20000000       0x1c load address 0x0800042c
                0x20000000                _sbss = .
                0x20000000                __bss_start__ = _sbss
 *(.bss)
 .bss           0x20000000       0x1c c:/gnuarm~1/102021~1.10/bin/../lib/gcc/arm-none-eabi/10.3.1/thumb/v7-m/nofp/crtbegin.o
 *(.bss*)
 *(COMMON)
                0x2000001c                . = ALIGN (0x4)
                0x2000001c                _ebss = .
                0x2000001c                __bss_end__ = _ebss

._user_heap_stack
                0x2000001c      0x604 load address 0x0800042c
                0x20000020                . = ALIGN (0x8)
 *fill*         0x2000001c        0x4 
                0x20000020                PROVIDE (end = .)
                [!provide]                PROVIDE (_end = .)
                0x20000220                . = (. + _Min_Heap_Size)
 *fill*         0x20000020      0x200 
                0x20000620                . = (. + _Min_Stack_Size)
 *fill*         0x20000220      0x400 
                0x20000620                . = ALIGN (0x8)

/DISCARD/
 libc.a(*)
 libm.a(*)
 libgcc.a(*)

.ARM.attributes
                0x00000000       0x29
 *(.ARM.attributes)
 .ARM.attributes
                0x00000000       0x1d c:/gnuarm~1/102021~1.10/bin/../lib/gcc/arm-none-eabi/10.3.1/thumb/v7-m/nofp/crti.o
 .ARM.attributes
                0x0000001d       0x2d c:/gnuarm~1/102021~1.10/bin/../lib/gcc/arm-none-eabi/10.3.1/thumb/v7-m/nofp/crtbegin.o
 .ARM.attributes
                0x0000004a       0x2d CMakeFiles/GD32F103.elf.dir/src/main.cpp.obj
 .ARM.attributes
                0x00000077       0x21 CMakeFiles/GD32F103.elf.dir/device/startup_gd32f10x_md.s.obj
 .ARM.attributes
                0x00000098       0x2d CMakeFiles/GD32F103.elf.dir/device/system_gd32f10x.c.obj
 .ARM.attributes
                0x000000c5       0x2d CMakeFiles/GD32F103.elf.dir/device/src/gd32f10x_misc.c.obj
 .ARM.attributes
                0x000000f2       0x2d c:/gnuarm~1/102021~1.10/bin/../lib/gcc/arm-none-eabi/10.3.1/../../../../arm-none-eabi/lib/thumb/v7-m/nofp\libc_nano.a(lib_a-init.o)
 .ARM.attributes
                0x0000011f       0x1d c:/gnuarm~1/102021~1.10/bin/../lib/gcc/arm-none-eabi/10.3.1/thumb/v7-m/nofp/crtn.o
OUTPUT(GD32F103.elf elf32-littlearm)
LOAD linker stubs
LOAD c:/gnuarm~1/102021~1.10/bin/../lib/gcc/arm-none-eabi/10.3.1/../../../../arm-none-eabi/lib/thumb/v7-m/nofp\libc.a
LOAD c:/gnuarm~1/102021~1.10/bin/../lib/gcc/arm-none-eabi/10.3.1/../../../../arm-none-eabi/lib/thumb/v7-m/nofp\libm.a
LOAD c:/gnuarm~1/102021~1.10/bin/../lib/gcc/arm-none-eabi/10.3.1/thumb/v7-m/nofp\libgcc.a

.debug_info     0x00000000      0x757
 .debug_info    0x00000000       0x86 CMakeFiles/GD32F103.elf.dir/src/main.cpp.obj
 .debug_info    0x00000086       0x22 CMakeFiles/GD32F103.elf.dir/device/startup_gd32f10x_md.s.obj
 .debug_info    0x000000a8      0x14f CMakeFiles/GD32F103.elf.dir/device/system_gd32f10x.c.obj
 .debug_info    0x000001f7      0x560 CMakeFiles/GD32F103.elf.dir/device/src/gd32f10x_misc.c.obj

.debug_abbrev   0x00000000      0x289
 .debug_abbrev  0x00000000       0x47 CMakeFiles/GD32F103.elf.dir/src/main.cpp.obj
 .debug_abbrev  0x00000047       0x12 CMakeFiles/GD32F103.elf.dir/device/startup_gd32f10x_md.s.obj
 .debug_abbrev  0x00000059       0xde CMakeFiles/GD32F103.elf.dir/device/system_gd32f10x.c.obj
 .debug_abbrev  0x00000137      0x152 CMakeFiles/GD32F103.elf.dir/device/src/gd32f10x_misc.c.obj

.debug_aranges  0x00000000       0xc8
 .debug_aranges
                0x00000000       0x20 CMakeFiles/GD32F103.elf.dir/src/main.cpp.obj
 .debug_aranges
                0x00000020       0x28 CMakeFiles/GD32F103.elf.dir/device/startup_gd32f10x_md.s.obj
 .debug_aranges
                0x00000048       0x30 CMakeFiles/GD32F103.elf.dir/device/system_gd32f10x.c.obj
 .debug_aranges
                0x00000078       0x50 CMakeFiles/GD32F103.elf.dir/device/src/gd32f10x_misc.c.obj

.debug_ranges   0x00000000       0x90
 .debug_ranges  0x00000000       0x10 CMakeFiles/GD32F103.elf.dir/src/main.cpp.obj
 .debug_ranges  0x00000010       0x20 CMakeFiles/GD32F103.elf.dir/device/startup_gd32f10x_md.s.obj
 .debug_ranges  0x00000030       0x20 CMakeFiles/GD32F103.elf.dir/device/system_gd32f10x.c.obj
 .debug_ranges  0x00000050       0x40 CMakeFiles/GD32F103.elf.dir/device/src/gd32f10x_misc.c.obj

.debug_macro    0x00000000     0x842f
 .debug_macro   0x00000000      0x18a CMakeFiles/GD32F103.elf.dir/src/main.cpp.obj
 .debug_macro   0x0000018a      0xb26 CMakeFiles/GD32F103.elf.dir/src/main.cpp.obj
 .debug_macro   0x00000cb0       0x5e CMakeFiles/GD32F103.elf.dir/src/main.cpp.obj
 .debug_macro   0x00000d0e       0x3a CMakeFiles/GD32F103.elf.dir/src/main.cpp.obj
 .debug_macro   0x00000d48       0x1c CMakeFiles/GD32F103.elf.dir/src/main.cpp.obj
 .debug_macro   0x00000d64       0x22 CMakeFiles/GD32F103.elf.dir/src/main.cpp.obj
 .debug_macro   0x00000d86       0x8e CMakeFiles/GD32F103.elf.dir/src/main.cpp.obj
 .debug_macro   0x00000e14       0x51 CMakeFiles/GD32F103.elf.dir/src/main.cpp.obj
 .debug_macro   0x00000e65      0x103 CMakeFiles/GD32F103.elf.dir/src/main.cpp.obj
 .debug_macro   0x00000f68       0x6a CMakeFiles/GD32F103.elf.dir/src/main.cpp.obj
 .debug_macro   0x00000fd2      0x1df CMakeFiles/GD32F103.elf.dir/src/main.cpp.obj
 .debug_macro   0x000011b1       0x2d CMakeFiles/GD32F103.elf.dir/src/main.cpp.obj
 .debug_macro   0x000011de      0xa8b CMakeFiles/GD32F103.elf.dir/src/main.cpp.obj
 .debug_macro   0x00001c69      0x11c CMakeFiles/GD32F103.elf.dir/src/main.cpp.obj
 .debug_macro   0x00001d85       0x94 CMakeFiles/GD32F103.elf.dir/src/main.cpp.obj
 .debug_macro   0x00001e19      0x45d CMakeFiles/GD32F103.elf.dir/src/main.cpp.obj
 .debug_macro   0x00002276      0x1ac CMakeFiles/GD32F103.elf.dir/src/main.cpp.obj
 .debug_macro   0x00002422      0x8f1 CMakeFiles/GD32F103.elf.dir/src/main.cpp.obj
 .debug_macro   0x00002d13       0x34 CMakeFiles/GD32F103.elf.dir/src/main.cpp.obj
 .debug_macro   0x00002d47      0x295 CMakeFiles/GD32F103.elf.dir/src/main.cpp.obj
 .debug_macro   0x00002fdc       0xbe CMakeFiles/GD32F103.elf.dir/src/main.cpp.obj
 .debug_macro   0x0000309a      0x28f CMakeFiles/GD32F103.elf.dir/src/main.cpp.obj
 .debug_macro   0x00003329      0x54a CMakeFiles/GD32F103.elf.dir/src/main.cpp.obj
 .debug_macro   0x00003873      0x33a CMakeFiles/GD32F103.elf.dir/src/main.cpp.obj
 .debug_macro   0x00003bad      0x382 CMakeFiles/GD32F103.elf.dir/src/main.cpp.obj
 .debug_macro   0x00003f2f       0xac CMakeFiles/GD32F103.elf.dir/src/main.cpp.obj
 .debug_macro   0x00003fdb      0x79e CMakeFiles/GD32F103.elf.dir/src/main.cpp.obj
 .debug_macro   0x00004779      0x2c6 CMakeFiles/GD32F103.elf.dir/src/main.cpp.obj
 .debug_macro   0x00004a3f       0x70 CMakeFiles/GD32F103.elf.dir/src/main.cpp.obj
 .debug_macro   0x00004aaf       0xca CMakeFiles/GD32F103.elf.dir/src/main.cpp.obj
 .debug_macro   0x00004b79      0x853 CMakeFiles/GD32F103.elf.dir/src/main.cpp.obj
 .debug_macro   0x000053cc       0xf4 CMakeFiles/GD32F103.elf.dir/src/main.cpp.obj
 .debug_macro   0x000054c0      0x605 CMakeFiles/GD32F103.elf.dir/src/main.cpp.obj
 .debug_macro   0x00005ac5      0x38b CMakeFiles/GD32F103.elf.dir/src/main.cpp.obj
 .debug_macro   0x00005e50      0x96f CMakeFiles/GD32F103.elf.dir/src/main.cpp.obj
 .debug_macro   0x000067bf      0x30b CMakeFiles/GD32F103.elf.dir/src/main.cpp.obj
 .debug_macro   0x00006aca       0x70 CMakeFiles/GD32F103.elf.dir/src/main.cpp.obj
 .debug_macro   0x00006b3a      0x1bb CMakeFiles/GD32F103.elf.dir/device/system_gd32f10x.c.obj
 .debug_macro   0x00006cf5      0xa60 CMakeFiles/GD32F103.elf.dir/device/system_gd32f10x.c.obj
 .debug_macro   0x00007755       0x56 CMakeFiles/GD32F103.elf.dir/device/system_gd32f10x.c.obj
 .debug_macro   0x000077ab      0xa8b CMakeFiles/GD32F103.elf.dir/device/system_gd32f10x.c.obj
 .debug_macro   0x00008236      0x18f CMakeFiles/GD32F103.elf.dir/device/src/gd32f10x_misc.c.obj
 .debug_macro   0x000083c5       0x6a CMakeFiles/GD32F103.elf.dir/device/src/gd32f10x_misc.c.obj

.debug_line     0x00000000     0x1000
 .debug_line    0x00000000      0x45f CMakeFiles/GD32F103.elf.dir/src/main.cpp.obj
 .debug_line    0x0000045f       0xa9 CMakeFiles/GD32F103.elf.dir/device/startup_gd32f10x_md.s.obj
 .debug_line    0x00000508      0x544 CMakeFiles/GD32F103.elf.dir/device/system_gd32f10x.c.obj
 .debug_line    0x00000a4c      0x5b4 CMakeFiles/GD32F103.elf.dir/device/src/gd32f10x_misc.c.obj

.debug_str      0x00000000    0x210ec
 .debug_str     0x00000000    0x209c3 CMakeFiles/GD32F103.elf.dir/src/main.cpp.obj
                              0x20b2a (size before relaxing)
 .debug_str     0x000209c3       0x59 CMakeFiles/GD32F103.elf.dir/device/startup_gd32f10x_md.s.obj
                                 0x8d (size before relaxing)
 .debug_str     0x00020a1c      0x486 CMakeFiles/GD32F103.elf.dir/device/system_gd32f10x.c.obj
                              0x20917 (size before relaxing)
 .debug_str     0x00020ea2      0x24a CMakeFiles/GD32F103.elf.dir/device/src/gd32f10x_misc.c.obj
                              0x20925 (size before relaxing)

.comment        0x00000000       0x49
 .comment       0x00000000       0x49 CMakeFiles/GD32F103.elf.dir/src/main.cpp.obj
                                 0x4a (size before relaxing)
 .comment       0x00000049       0x4a CMakeFiles/GD32F103.elf.dir/device/system_gd32f10x.c.obj
 .comment       0x00000049       0x4a CMakeFiles/GD32F103.elf.dir/device/src/gd32f10x_misc.c.obj

.debug_frame    0x00000000      0x1f8
 .debug_frame   0x00000000       0x30 CMakeFiles/GD32F103.elf.dir/src/main.cpp.obj
 .debug_frame   0x00000030       0x78 CMakeFiles/GD32F103.elf.dir/device/system_gd32f10x.c.obj
 .debug_frame   0x000000a8      0x124 CMakeFiles/GD32F103.elf.dir/device/src/gd32f10x_misc.c.obj
 .debug_frame   0x000001cc       0x2c c:/gnuarm~1/102021~1.10/bin/../lib/gcc/arm-none-eabi/10.3.1/../../../../arm-none-eabi/lib/thumb/v7-m/nofp\libc_nano.a(lib_a-init.o)

Cross Reference Table

Symbol                                            File
ADC0_1_IRQHandler                                 CMakeFiles/GD32F103.elf.dir/device/startup_gd32f10x_md.s.obj
BusFault_Handler                                  CMakeFiles/GD32F103.elf.dir/device/startup_gd32f10x_md.s.obj
CAN0_EWMC_IRQHandler                              CMakeFiles/GD32F103.elf.dir/device/startup_gd32f10x_md.s.obj
CAN0_RX1_IRQHandler                               CMakeFiles/GD32F103.elf.dir/device/startup_gd32f10x_md.s.obj
DMA0_Channel0_IRQHandler                          CMakeFiles/GD32F103.elf.dir/device/startup_gd32f10x_md.s.obj
DMA0_Channel1_IRQHandler                          CMakeFiles/GD32F103.elf.dir/device/startup_gd32f10x_md.s.obj
DMA0_Channel2_IRQHandler                          CMakeFiles/GD32F103.elf.dir/device/startup_gd32f10x_md.s.obj
DMA0_Channel3_IRQHandler                          CMakeFiles/GD32F103.elf.dir/device/startup_gd32f10x_md.s.obj
DMA0_Channel4_IRQHandler                          CMakeFiles/GD32F103.elf.dir/device/startup_gd32f10x_md.s.obj
DMA0_Channel5_IRQHandler                          CMakeFiles/GD32F103.elf.dir/device/startup_gd32f10x_md.s.obj
DMA0_Channel6_IRQHandler                          CMakeFiles/GD32F103.elf.dir/device/startup_gd32f10x_md.s.obj
DebugMon_Handler                                  CMakeFiles/GD32F103.elf.dir/device/startup_gd32f10x_md.s.obj
Default_Handler                                   CMakeFiles/GD32F103.elf.dir/device/startup_gd32f10x_md.s.obj
EXMC_IRQHandler                                   CMakeFiles/GD32F103.elf.dir/device/startup_gd32f10x_md.s.obj
EXTI0_IRQHandler                                  CMakeFiles/GD32F103.elf.dir/device/startup_gd32f10x_md.s.obj
EXTI10_15_IRQHandler                              CMakeFiles/GD32F103.elf.dir/device/startup_gd32f10x_md.s.obj
EXTI1_IRQHandler                                  CMakeFiles/GD32F103.elf.dir/device/startup_gd32f10x_md.s.obj
EXTI2_IRQHandler                                  CMakeFiles/GD32F103.elf.dir/device/startup_gd32f10x_md.s.obj
EXTI3_IRQHandler                                  CMakeFiles/GD32F103.elf.dir/device/startup_gd32f10x_md.s.obj
EXTI4_IRQHandler                                  CMakeFiles/GD32F103.elf.dir/device/startup_gd32f10x_md.s.obj
EXTI5_9_IRQHandler                                CMakeFiles/GD32F103.elf.dir/device/startup_gd32f10x_md.s.obj
FMC_IRQHandler                                    CMakeFiles/GD32F103.elf.dir/device/startup_gd32f10x_md.s.obj
HardFault_Handler                                 CMakeFiles/GD32F103.elf.dir/device/startup_gd32f10x_md.s.obj
I2C0_ER_IRQHandler                                CMakeFiles/GD32F103.elf.dir/device/startup_gd32f10x_md.s.obj
I2C0_EV_IRQHandler                                CMakeFiles/GD32F103.elf.dir/device/startup_gd32f10x_md.s.obj
I2C1_ER_IRQHandler                                CMakeFiles/GD32F103.elf.dir/device/startup_gd32f10x_md.s.obj
I2C1_EV_IRQHandler                                CMakeFiles/GD32F103.elf.dir/device/startup_gd32f10x_md.s.obj
LVD_IRQHandler                                    CMakeFiles/GD32F103.elf.dir/device/startup_gd32f10x_md.s.obj
MemManage_Handler                                 CMakeFiles/GD32F103.elf.dir/device/startup_gd32f10x_md.s.obj
NMI_Handler                                       CMakeFiles/GD32F103.elf.dir/device/startup_gd32f10x_md.s.obj
PendSV_Handler                                    CMakeFiles/GD32F103.elf.dir/device/startup_gd32f10x_md.s.obj
RCU_IRQHandler                                    CMakeFiles/GD32F103.elf.dir/device/startup_gd32f10x_md.s.obj
RTC_Alarm_IRQHandler                              CMakeFiles/GD32F103.elf.dir/device/startup_gd32f10x_md.s.obj
RTC_IRQHandler                                    CMakeFiles/GD32F103.elf.dir/device/startup_gd32f10x_md.s.obj
Reset_Handler                                     CMakeFiles/GD32F103.elf.dir/device/startup_gd32f10x_md.s.obj
SPI0_IRQHandler                                   CMakeFiles/GD32F103.elf.dir/device/startup_gd32f10x_md.s.obj
SPI1_IRQHandler                                   CMakeFiles/GD32F103.elf.dir/device/startup_gd32f10x_md.s.obj
SVC_Handler                                       CMakeFiles/GD32F103.elf.dir/device/startup_gd32f10x_md.s.obj
SysTick_Handler                                   CMakeFiles/GD32F103.elf.dir/device/startup_gd32f10x_md.s.obj
SystemCoreClock                                   CMakeFiles/GD32F103.elf.dir/device/system_gd32f10x.c.obj
SystemInit                                        CMakeFiles/GD32F103.elf.dir/device/system_gd32f10x.c.obj
                                                  CMakeFiles/GD32F103.elf.dir/device/startup_gd32f10x_md.s.obj
TAMPER_IRQHandler                                 CMakeFiles/GD32F103.elf.dir/device/startup_gd32f10x_md.s.obj
TIMER0_BRK_IRQHandler                             CMakeFiles/GD32F103.elf.dir/device/startup_gd32f10x_md.s.obj
TIMER0_Channel_IRQHandler                         CMakeFiles/GD32F103.elf.dir/device/startup_gd32f10x_md.s.obj
TIMER0_TRG_CMT_IRQHandler                         CMakeFiles/GD32F103.elf.dir/device/startup_gd32f10x_md.s.obj
TIMER0_UP_IRQHandler                              CMakeFiles/GD32F103.elf.dir/device/startup_gd32f10x_md.s.obj
TIMER1_IRQHandler                                 CMakeFiles/GD32F103.elf.dir/device/startup_gd32f10x_md.s.obj
TIMER2_IRQHandler                                 CMakeFiles/GD32F103.elf.dir/device/startup_gd32f10x_md.s.obj
TIMER3_IRQHandler                                 CMakeFiles/GD32F103.elf.dir/device/startup_gd32f10x_md.s.obj
USART0_IRQHandler                                 CMakeFiles/GD32F103.elf.dir/device/startup_gd32f10x_md.s.obj
USART1_IRQHandler                                 CMakeFiles/GD32F103.elf.dir/device/startup_gd32f10x_md.s.obj
USART2_IRQHandler                                 CMakeFiles/GD32F103.elf.dir/device/startup_gd32f10x_md.s.obj
USBD_HP_CAN0_TX_IRQHandler                        CMakeFiles/GD32F103.elf.dir/device/startup_gd32f10x_md.s.obj
USBD_LP_CAN0_RX0_IRQHandler                       CMakeFiles/GD32F103.elf.dir/device/startup_gd32f10x_md.s.obj
USBD_WKUP_IRQHandler                              CMakeFiles/GD32F103.elf.dir/device/startup_gd32f10x_md.s.obj
UsageFault_Handler                                CMakeFiles/GD32F103.elf.dir/device/startup_gd32f10x_md.s.obj
WWDGT_IRQHandler                                  CMakeFiles/GD32F103.elf.dir/device/startup_gd32f10x_md.s.obj
__bss_end__                                       c:/gnuarm~1/102021~1.10/bin/../lib/gcc/arm-none-eabi/10.3.1/../../../../arm-none-eabi/lib/thumb/v7-m/nofp/rdimon-crt0.o
__bss_start__                                     c:/gnuarm~1/102021~1.10/bin/../lib/gcc/arm-none-eabi/10.3.1/../../../../arm-none-eabi/lib/thumb/v7-m/nofp/rdimon-crt0.o
__call_exitprocs                                  c:/gnuarm~1/102021~1.10/bin/../lib/gcc/arm-none-eabi/10.3.1/../../../../arm-none-eabi/lib/thumb/v7-m/nofp\libc_nano.a(lib_a-exit.o)
__deregister_frame_info                           c:/gnuarm~1/102021~1.10/bin/../lib/gcc/arm-none-eabi/10.3.1/thumb/v7-m/nofp/crtbegin.o
__dso_handle                                      c:/gnuarm~1/102021~1.10/bin/../lib/gcc/arm-none-eabi/10.3.1/thumb/v7-m/nofp/crtbegin.o
__end__                                           c:/gnuarm~1/102021~1.10/bin/../lib/gcc/arm-none-eabi/10.3.1/../../../../arm-none-eabi/lib/thumb/v7-m/nofp/rdimon-crt0.o
__errno                                           c:/gnuarm~1/102021~1.10/bin/../lib/gcc/arm-none-eabi/10.3.1/../../../../arm-none-eabi/lib/thumb/v7-m/nofp\libc_nano.a(lib_a-errno.o)
                                                  c:/gnuarm~1/102021~1.10/bin/../lib/gcc/arm-none-eabi/10.3.1/../../../../arm-none-eabi/lib/thumb/v7-m/nofp\librdimon_nano.a(rdimon-syscalls.o)
__fp_lock_all                                     c:/gnuarm~1/102021~1.10/bin/../lib/gcc/arm-none-eabi/10.3.1/../../../../arm-none-eabi/lib/thumb/v7-m/nofp\libc_nano.a(lib_a-findfp.o)
__fp_unlock_all                                   c:/gnuarm~1/102021~1.10/bin/../lib/gcc/arm-none-eabi/10.3.1/../../../../arm-none-eabi/lib/thumb/v7-m/nofp\libc_nano.a(lib_a-findfp.o)
__heap_limit                                      c:/gnuarm~1/102021~1.10/bin/../lib/gcc/arm-none-eabi/10.3.1/../../../../arm-none-eabi/lib/thumb/v7-m/nofp\librdimon_nano.a(rdimon-syscalls.o)
                                                  c:/gnuarm~1/102021~1.10/bin/../lib/gcc/arm-none-eabi/10.3.1/../../../../arm-none-eabi/lib/thumb/v7-m/nofp/rdimon-crt0.o
__init_array_end                                  c:/gnuarm~1/102021~1.10/bin/../lib/gcc/arm-none-eabi/10.3.1/../../../../arm-none-eabi/lib/thumb/v7-m/nofp\libc_nano.a(lib_a-init.o)
__init_array_start                                c:/gnuarm~1/102021~1.10/bin/../lib/gcc/arm-none-eabi/10.3.1/../../../../arm-none-eabi/lib/thumb/v7-m/nofp\libc_nano.a(lib_a-init.o)
__libc_fini_array                                 c:/gnuarm~1/102021~1.10/bin/../lib/gcc/arm-none-eabi/10.3.1/../../../../arm-none-eabi/lib/thumb/v7-m/nofp/rdimon-crt0.o
__libc_init_array                                 c:/gnuarm~1/102021~1.10/bin/../lib/gcc/arm-none-eabi/10.3.1/../../../../arm-none-eabi/lib/thumb/v7-m/nofp\libc_nano.a(lib_a-init.o)
                                                  CMakeFiles/GD32F103.elf.dir/device/startup_gd32f10x_md.s.obj
                                                  c:/gnuarm~1/102021~1.10/bin/../lib/gcc/arm-none-eabi/10.3.1/../../../../arm-none-eabi/lib/thumb/v7-m/nofp/rdimon-crt0.o
__lock___arc4random_mutex                         c:/gnuarm~1/102021~1.10/bin/../lib/gcc/arm-none-eabi/10.3.1/../../../../arm-none-eabi/lib/thumb/v7-m/nofp\libc_nano.a(lib_a-lock.o)
__lock___at_quick_exit_mutex                      c:/gnuarm~1/102021~1.10/bin/../lib/gcc/arm-none-eabi/10.3.1/../../../../arm-none-eabi/lib/thumb/v7-m/nofp\libc_nano.a(lib_a-lock.o)
__lock___atexit_recursive_mutex                   c:/gnuarm~1/102021~1.10/bin/../lib/gcc/arm-none-eabi/10.3.1/../../../../arm-none-eabi/lib/thumb/v7-m/nofp\libc_nano.a(lib_a-lock.o)
__lock___dd_hash_mutex                            c:/gnuarm~1/102021~1.10/bin/../lib/gcc/arm-none-eabi/10.3.1/../../../../arm-none-eabi/lib/thumb/v7-m/nofp\libc_nano.a(lib_a-lock.o)
__lock___env_recursive_mutex                      c:/gnuarm~1/102021~1.10/bin/../lib/gcc/arm-none-eabi/10.3.1/../../../../arm-none-eabi/lib/thumb/v7-m/nofp\libc_nano.a(lib_a-lock.o)
__lock___malloc_recursive_mutex                   c:/gnuarm~1/102021~1.10/bin/../lib/gcc/arm-none-eabi/10.3.1/../../../../arm-none-eabi/lib/thumb/v7-m/nofp\libc_nano.a(lib_a-lock.o)
                                                  c:/gnuarm~1/102021~1.10/bin/../lib/gcc/arm-none-eabi/10.3.1/../../../../arm-none-eabi/lib/thumb/v7-m/nofp\libc_nano.a(lib_a-mlock.o)
__lock___sfp_recursive_mutex                      c:/gnuarm~1/102021~1.10/bin/../lib/gcc/arm-none-eabi/10.3.1/../../../../arm-none-eabi/lib/thumb/v7-m/nofp\libc_nano.a(lib_a-lock.o)
                                                  c:/gnuarm~1/102021~1.10/bin/../lib/gcc/arm-none-eabi/10.3.1/../../../../arm-none-eabi/lib/thumb/v7-m/nofp\libc_nano.a(lib_a-findfp.o)
__lock___sinit_recursive_mutex                    c:/gnuarm~1/102021~1.10/bin/../lib/gcc/arm-none-eabi/10.3.1/../../../../arm-none-eabi/lib/thumb/v7-m/nofp\libc_nano.a(lib_a-lock.o)
                                                  c:/gnuarm~1/102021~1.10/bin/../lib/gcc/arm-none-eabi/10.3.1/../../../../arm-none-eabi/lib/thumb/v7-m/nofp\libc_nano.a(lib_a-findfp.o)
__lock___tz_mutex                                 c:/gnuarm~1/102021~1.10/bin/../lib/gcc/arm-none-eabi/10.3.1/../../../../arm-none-eabi/lib/thumb/v7-m/nofp\libc_nano.a(lib_a-lock.o)
__malloc_free_list                                c:/gnuarm~1/102021~1.10/bin/../lib/gcc/arm-none-eabi/10.3.1/../../../../arm-none-eabi/lib/thumb/v7-m/nofp\libc_nano.a(lib_a-nano-mallocr.o)
                                                  c:/gnuarm~1/102021~1.10/bin/../lib/gcc/arm-none-eabi/10.3.1/../../../../arm-none-eabi/lib/thumb/v7-m/nofp\libc_nano.a(lib_a-nano-freer.o)
__malloc_lock                                     c:/gnuarm~1/102021~1.10/bin/../lib/gcc/arm-none-eabi/10.3.1/../../../../arm-none-eabi/lib/thumb/v7-m/nofp\libc_nano.a(lib_a-mlock.o)
                                                  c:/gnuarm~1/102021~1.10/bin/../lib/gcc/arm-none-eabi/10.3.1/../../../../arm-none-eabi/lib/thumb/v7-m/nofp\libc_nano.a(lib_a-nano-freer.o)
                                                  c:/gnuarm~1/102021~1.10/bin/../lib/gcc/arm-none-eabi/10.3.1/../../../../arm-none-eabi/lib/thumb/v7-m/nofp\libc_nano.a(lib_a-nano-mallocr.o)
__malloc_sbrk_start                               c:/gnuarm~1/102021~1.10/bin/../lib/gcc/arm-none-eabi/10.3.1/../../../../arm-none-eabi/lib/thumb/v7-m/nofp\libc_nano.a(lib_a-nano-mallocr.o)
__malloc_unlock                                   c:/gnuarm~1/102021~1.10/bin/../lib/gcc/arm-none-eabi/10.3.1/../../../../arm-none-eabi/lib/thumb/v7-m/nofp\libc_nano.a(lib_a-mlock.o)
                                                  c:/gnuarm~1/102021~1.10/bin/../lib/gcc/arm-none-eabi/10.3.1/../../../../arm-none-eabi/lib/thumb/v7-m/nofp\libc_nano.a(lib_a-nano-freer.o)
                                                  c:/gnuarm~1/102021~1.10/bin/../lib/gcc/arm-none-eabi/10.3.1/../../../../arm-none-eabi/lib/thumb/v7-m/nofp\libc_nano.a(lib_a-nano-mallocr.o)
__preinit_array_end                               c:/gnuarm~1/102021~1.10/bin/../lib/gcc/arm-none-eabi/10.3.1/../../../../arm-none-eabi/lib/thumb/v7-m/nofp\libc_nano.a(lib_a-init.o)
__preinit_array_start                             c:/gnuarm~1/102021~1.10/bin/../lib/gcc/arm-none-eabi/10.3.1/../../../../arm-none-eabi/lib/thumb/v7-m/nofp\libc_nano.a(lib_a-init.o)
__register_frame_info                             c:/gnuarm~1/102021~1.10/bin/../lib/gcc/arm-none-eabi/10.3.1/thumb/v7-m/nofp/crtbegin.o
__retarget_lock_acquire                           c:/gnuarm~1/102021~1.10/bin/../lib/gcc/arm-none-eabi/10.3.1/../../../../arm-none-eabi/lib/thumb/v7-m/nofp\libc_nano.a(lib_a-lock.o)
__retarget_lock_acquire_recursive                 c:/gnuarm~1/102021~1.10/bin/../lib/gcc/arm-none-eabi/10.3.1/../../../../arm-none-eabi/lib/thumb/v7-m/nofp\libc_nano.a(lib_a-lock.o)
                                                  c:/gnuarm~1/102021~1.10/bin/../lib/gcc/arm-none-eabi/10.3.1/../../../../arm-none-eabi/lib/thumb/v7-m/nofp\libc_nano.a(lib_a-mlock.o)
                                                  c:/gnuarm~1/102021~1.10/bin/../lib/gcc/arm-none-eabi/10.3.1/../../../../arm-none-eabi/lib/thumb/v7-m/nofp\libc_nano.a(lib_a-fflush.o)
                                                  c:/gnuarm~1/102021~1.10/bin/../lib/gcc/arm-none-eabi/10.3.1/../../../../arm-none-eabi/lib/thumb/v7-m/nofp\libc_nano.a(lib_a-findfp.o)
__retarget_lock_close                             c:/gnuarm~1/102021~1.10/bin/../lib/gcc/arm-none-eabi/10.3.1/../../../../arm-none-eabi/lib/thumb/v7-m/nofp\libc_nano.a(lib_a-lock.o)
__retarget_lock_close_recursive                   c:/gnuarm~1/102021~1.10/bin/../lib/gcc/arm-none-eabi/10.3.1/../../../../arm-none-eabi/lib/thumb/v7-m/nofp\libc_nano.a(lib_a-lock.o)
__retarget_lock_init                              c:/gnuarm~1/102021~1.10/bin/../lib/gcc/arm-none-eabi/10.3.1/../../../../arm-none-eabi/lib/thumb/v7-m/nofp\libc_nano.a(lib_a-lock.o)
__retarget_lock_init_recursive                    c:/gnuarm~1/102021~1.10/bin/../lib/gcc/arm-none-eabi/10.3.1/../../../../arm-none-eabi/lib/thumb/v7-m/nofp\libc_nano.a(lib_a-lock.o)
                                                  c:/gnuarm~1/102021~1.10/bin/../lib/gcc/arm-none-eabi/10.3.1/../../../../arm-none-eabi/lib/thumb/v7-m/nofp\libc_nano.a(lib_a-findfp.o)
__retarget_lock_release                           c:/gnuarm~1/102021~1.10/bin/../lib/gcc/arm-none-eabi/10.3.1/../../../../arm-none-eabi/lib/thumb/v7-m/nofp\libc_nano.a(lib_a-lock.o)
__retarget_lock_release_recursive                 c:/gnuarm~1/102021~1.10/bin/../lib/gcc/arm-none-eabi/10.3.1/../../../../arm-none-eabi/lib/thumb/v7-m/nofp\libc_nano.a(lib_a-lock.o)
                                                  c:/gnuarm~1/102021~1.10/bin/../lib/gcc/arm-none-eabi/10.3.1/../../../../arm-none-eabi/lib/thumb/v7-m/nofp\libc_nano.a(lib_a-mlock.o)
                                                  c:/gnuarm~1/102021~1.10/bin/../lib/gcc/arm-none-eabi/10.3.1/../../../../arm-none-eabi/lib/thumb/v7-m/nofp\libc_nano.a(lib_a-fflush.o)
                                                  c:/gnuarm~1/102021~1.10/bin/../lib/gcc/arm-none-eabi/10.3.1/../../../../arm-none-eabi/lib/thumb/v7-m/nofp\libc_nano.a(lib_a-findfp.o)
__retarget_lock_try_acquire                       c:/gnuarm~1/102021~1.10/bin/../lib/gcc/arm-none-eabi/10.3.1/../../../../arm-none-eabi/lib/thumb/v7-m/nofp\libc_nano.a(lib_a-lock.o)
__retarget_lock_try_acquire_recursive             c:/gnuarm~1/102021~1.10/bin/../lib/gcc/arm-none-eabi/10.3.1/../../../../arm-none-eabi/lib/thumb/v7-m/nofp\libc_nano.a(lib_a-lock.o)
__sclose                                          c:/gnuarm~1/102021~1.10/bin/../lib/gcc/arm-none-eabi/10.3.1/../../../../arm-none-eabi/lib/thumb/v7-m/nofp\libc_nano.a(lib_a-stdio.o)
                                                  c:/gnuarm~1/102021~1.10/bin/../lib/gcc/arm-none-eabi/10.3.1/../../../../arm-none-eabi/lib/thumb/v7-m/nofp\libc_nano.a(lib_a-findfp.o)
__seofread                                        c:/gnuarm~1/102021~1.10/bin/../lib/gcc/arm-none-eabi/10.3.1/../../../../arm-none-eabi/lib/thumb/v7-m/nofp\libc_nano.a(lib_a-stdio.o)
__sf_fake_stderr                                  c:/gnuarm~1/102021~1.10/bin/../lib/gcc/arm-none-eabi/10.3.1/../../../../arm-none-eabi/lib/thumb/v7-m/nofp\libc_nano.a(lib_a-findfp.o)
                                                  c:/gnuarm~1/102021~1.10/bin/../lib/gcc/arm-none-eabi/10.3.1/../../../../arm-none-eabi/lib/thumb/v7-m/nofp\libc_nano.a(lib_a-fflush.o)
                                                  c:/gnuarm~1/102021~1.10/bin/../lib/gcc/arm-none-eabi/10.3.1/../../../../arm-none-eabi/lib/thumb/v7-m/nofp\libc_nano.a(lib_a-impure.o)
__sf_fake_stdin                                   c:/gnuarm~1/102021~1.10/bin/../lib/gcc/arm-none-eabi/10.3.1/../../../../arm-none-eabi/lib/thumb/v7-m/nofp\libc_nano.a(lib_a-findfp.o)
                                                  c:/gnuarm~1/102021~1.10/bin/../lib/gcc/arm-none-eabi/10.3.1/../../../../arm-none-eabi/lib/thumb/v7-m/nofp\libc_nano.a(lib_a-fflush.o)
                                                  c:/gnuarm~1/102021~1.10/bin/../lib/gcc/arm-none-eabi/10.3.1/../../../../arm-none-eabi/lib/thumb/v7-m/nofp\libc_nano.a(lib_a-impure.o)
__sf_fake_stdout                                  c:/gnuarm~1/102021~1.10/bin/../lib/gcc/arm-none-eabi/10.3.1/../../../../arm-none-eabi/lib/thumb/v7-m/nofp\libc_nano.a(lib_a-findfp.o)
                                                  c:/gnuarm~1/102021~1.10/bin/../lib/gcc/arm-none-eabi/10.3.1/../../../../arm-none-eabi/lib/thumb/v7-m/nofp\libc_nano.a(lib_a-fflush.o)
                                                  c:/gnuarm~1/102021~1.10/bin/../lib/gcc/arm-none-eabi/10.3.1/../../../../arm-none-eabi/lib/thumb/v7-m/nofp\libc_nano.a(lib_a-impure.o)
__sflush_r                                        c:/gnuarm~1/102021~1.10/bin/../lib/gcc/arm-none-eabi/10.3.1/../../../../arm-none-eabi/lib/thumb/v7-m/nofp\libc_nano.a(lib_a-fflush.o)
__sfmoreglue                                      c:/gnuarm~1/102021~1.10/bin/../lib/gcc/arm-none-eabi/10.3.1/../../../../arm-none-eabi/lib/thumb/v7-m/nofp\libc_nano.a(lib_a-findfp.o)
__sfp                                             c:/gnuarm~1/102021~1.10/bin/../lib/gcc/arm-none-eabi/10.3.1/../../../../arm-none-eabi/lib/thumb/v7-m/nofp\libc_nano.a(lib_a-findfp.o)
__sfp_lock_acquire                                c:/gnuarm~1/102021~1.10/bin/../lib/gcc/arm-none-eabi/10.3.1/../../../../arm-none-eabi/lib/thumb/v7-m/nofp\libc_nano.a(lib_a-findfp.o)
__sfp_lock_release                                c:/gnuarm~1/102021~1.10/bin/../lib/gcc/arm-none-eabi/10.3.1/../../../../arm-none-eabi/lib/thumb/v7-m/nofp\libc_nano.a(lib_a-findfp.o)
__sinit                                           c:/gnuarm~1/102021~1.10/bin/../lib/gcc/arm-none-eabi/10.3.1/../../../../arm-none-eabi/lib/thumb/v7-m/nofp\libc_nano.a(lib_a-findfp.o)
                                                  c:/gnuarm~1/102021~1.10/bin/../lib/gcc/arm-none-eabi/10.3.1/../../../../arm-none-eabi/lib/thumb/v7-m/nofp\libc_nano.a(lib_a-fflush.o)
                                                  c:/gnuarm~1/102021~1.10/bin/../lib/gcc/arm-none-eabi/10.3.1/../../../../arm-none-eabi/lib/thumb/v7-m/nofp\librdimon_nano.a(rdimon-syscalls.o)
__sinit_lock_acquire                              c:/gnuarm~1/102021~1.10/bin/../lib/gcc/arm-none-eabi/10.3.1/../../../../arm-none-eabi/lib/thumb/v7-m/nofp\libc_nano.a(lib_a-findfp.o)
__sinit_lock_release                              c:/gnuarm~1/102021~1.10/bin/../lib/gcc/arm-none-eabi/10.3.1/../../../../arm-none-eabi/lib/thumb/v7-m/nofp\libc_nano.a(lib_a-findfp.o)
__sread                                           c:/gnuarm~1/102021~1.10/bin/../lib/gcc/arm-none-eabi/10.3.1/../../../../arm-none-eabi/lib/thumb/v7-m/nofp\libc_nano.a(lib_a-stdio.o)
                                                  c:/gnuarm~1/102021~1.10/bin/../lib/gcc/arm-none-eabi/10.3.1/../../../../arm-none-eabi/lib/thumb/v7-m/nofp\libc_nano.a(lib_a-findfp.o)
__sseek                                           c:/gnuarm~1/102021~1.10/bin/../lib/gcc/arm-none-eabi/10.3.1/../../../../arm-none-eabi/lib/thumb/v7-m/nofp\libc_nano.a(lib_a-stdio.o)
                                                  c:/gnuarm~1/102021~1.10/bin/../lib/gcc/arm-none-eabi/10.3.1/../../../../arm-none-eabi/lib/thumb/v7-m/nofp\libc_nano.a(lib_a-findfp.o)
__stack                                           c:/gnuarm~1/102021~1.10/bin/../lib/gcc/arm-none-eabi/10.3.1/../../../../arm-none-eabi/lib/thumb/v7-m/nofp/rdimon-crt0.o
__stack_base__                                    c:/gnuarm~1/102021~1.10/bin/../lib/gcc/arm-none-eabi/10.3.1/../../../../arm-none-eabi/lib/thumb/v7-m/nofp/rdimon-crt0.o
__swrite                                          c:/gnuarm~1/102021~1.10/bin/../lib/gcc/arm-none-eabi/10.3.1/../../../../arm-none-eabi/lib/thumb/v7-m/nofp\libc_nano.a(lib_a-stdio.o)
                                                  c:/gnuarm~1/102021~1.10/bin/../lib/gcc/arm-none-eabi/10.3.1/../../../../arm-none-eabi/lib/thumb/v7-m/nofp\libc_nano.a(lib_a-findfp.o)
_cleanup                                          c:/gnuarm~1/102021~1.10/bin/../lib/gcc/arm-none-eabi/10.3.1/../../../../arm-none-eabi/lib/thumb/v7-m/nofp\libc_nano.a(lib_a-findfp.o)
_cleanup_r                                        c:/gnuarm~1/102021~1.10/bin/../lib/gcc/arm-none-eabi/10.3.1/../../../../arm-none-eabi/lib/thumb/v7-m/nofp\libc_nano.a(lib_a-findfp.o)
_clock                                            c:/gnuarm~1/102021~1.10/bin/../lib/gcc/arm-none-eabi/10.3.1/../../../../arm-none-eabi/lib/thumb/v7-m/nofp\librdimon_nano.a(rdimon-syscalls.o)
_close                                            c:/gnuarm~1/102021~1.10/bin/../lib/gcc/arm-none-eabi/10.3.1/../../../../arm-none-eabi/lib/thumb/v7-m/nofp\librdimon_nano.a(rdimon-syscalls.o)
                                                  c:/gnuarm~1/102021~1.10/bin/../lib/gcc/arm-none-eabi/10.3.1/../../../../arm-none-eabi/lib/thumb/v7-m/nofp\libc_nano.a(lib_a-closer.o)
_close_r                                          c:/gnuarm~1/102021~1.10/bin/../lib/gcc/arm-none-eabi/10.3.1/../../../../arm-none-eabi/lib/thumb/v7-m/nofp\libc_nano.a(lib_a-closer.o)
                                                  c:/gnuarm~1/102021~1.10/bin/../lib/gcc/arm-none-eabi/10.3.1/../../../../arm-none-eabi/lib/thumb/v7-m/nofp\libc_nano.a(lib_a-stdio.o)
_ebss                                             CMakeFiles/GD32F103.elf.dir/device/startup_gd32f10x_md.s.obj
_edata                                            CMakeFiles/GD32F103.elf.dir/device/startup_gd32f10x_md.s.obj
_estack                                           CMakeFiles/GD32F103.elf.dir/device/startup_gd32f10x_md.s.obj
_exit                                             c:/gnuarm~1/102021~1.10/bin/../lib/gcc/arm-none-eabi/10.3.1/../../../../arm-none-eabi/lib/thumb/v7-m/nofp\librdimon_nano.a(rdimon-_exit.o)
                                                  c:/gnuarm~1/102021~1.10/bin/../lib/gcc/arm-none-eabi/10.3.1/../../../../arm-none-eabi/lib/thumb/v7-m/nofp\libc_nano.a(lib_a-exit.o)
_fflush_r                                         c:/gnuarm~1/102021~1.10/bin/../lib/gcc/arm-none-eabi/10.3.1/../../../../arm-none-eabi/lib/thumb/v7-m/nofp\libc_nano.a(lib_a-fflush.o)
                                                  c:/gnuarm~1/102021~1.10/bin/../lib/gcc/arm-none-eabi/10.3.1/../../../../arm-none-eabi/lib/thumb/v7-m/nofp\libc_nano.a(lib_a-findfp.o)
_fini                                             c:/gnuarm~1/102021~1.10/bin/../lib/gcc/arm-none-eabi/10.3.1/thumb/v7-m/nofp/crti.o
_free_r                                           c:/gnuarm~1/102021~1.10/bin/../lib/gcc/arm-none-eabi/10.3.1/../../../../arm-none-eabi/lib/thumb/v7-m/nofp\libc_nano.a(lib_a-nano-freer.o)
                                                  c:/gnuarm~1/102021~1.10/bin/../lib/gcc/arm-none-eabi/10.3.1/../../../../arm-none-eabi/lib/thumb/v7-m/nofp\libc_nano.a(lib_a-reent.o)
                                                  c:/gnuarm~1/102021~1.10/bin/../lib/gcc/arm-none-eabi/10.3.1/../../../../arm-none-eabi/lib/thumb/v7-m/nofp\libc_nano.a(lib_a-fflush.o)
_fstat                                            c:/gnuarm~1/102021~1.10/bin/../lib/gcc/arm-none-eabi/10.3.1/../../../../arm-none-eabi/lib/thumb/v7-m/nofp\librdimon_nano.a(rdimon-syscalls.o)
_fwalk                                            c:/gnuarm~1/102021~1.10/bin/../lib/gcc/arm-none-eabi/10.3.1/../../../../arm-none-eabi/lib/thumb/v7-m/nofp\libc_nano.a(lib_a-fwalk.o)
                                                  c:/gnuarm~1/102021~1.10/bin/../lib/gcc/arm-none-eabi/10.3.1/../../../../arm-none-eabi/lib/thumb/v7-m/nofp\libc_nano.a(lib_a-findfp.o)
_fwalk_reent                                      c:/gnuarm~1/102021~1.10/bin/../lib/gcc/arm-none-eabi/10.3.1/../../../../arm-none-eabi/lib/thumb/v7-m/nofp\libc_nano.a(lib_a-fwalk.o)
                                                  c:/gnuarm~1/102021~1.10/bin/../lib/gcc/arm-none-eabi/10.3.1/../../../../arm-none-eabi/lib/thumb/v7-m/nofp\libc_nano.a(lib_a-fflush.o)
                                                  c:/gnuarm~1/102021~1.10/bin/../lib/gcc/arm-none-eabi/10.3.1/../../../../arm-none-eabi/lib/thumb/v7-m/nofp\libc_nano.a(lib_a-findfp.o)
_get_semihosting_exts                             c:/gnuarm~1/102021~1.10/bin/../lib/gcc/arm-none-eabi/10.3.1/../../../../arm-none-eabi/lib/thumb/v7-m/nofp\librdimon_nano.a(rdimon-syscalls.o)
_getpid                                           c:/gnuarm~1/102021~1.10/bin/../lib/gcc/arm-none-eabi/10.3.1/../../../../arm-none-eabi/lib/thumb/v7-m/nofp\librdimon_nano.a(rdimon-syscalls.o)
_gettimeofday                                     c:/gnuarm~1/102021~1.10/bin/../lib/gcc/arm-none-eabi/10.3.1/../../../../arm-none-eabi/lib/thumb/v7-m/nofp\librdimon_nano.a(rdimon-syscalls.o)
_global_impure_ptr                                c:/gnuarm~1/102021~1.10/bin/../lib/gcc/arm-none-eabi/10.3.1/../../../../arm-none-eabi/lib/thumb/v7-m/nofp\libc_nano.a(lib_a-impure.o)
                                                  c:/gnuarm~1/102021~1.10/bin/../lib/gcc/arm-none-eabi/10.3.1/../../../../arm-none-eabi/lib/thumb/v7-m/nofp\libc_nano.a(lib_a-fflush.o)
                                                  c:/gnuarm~1/102021~1.10/bin/../lib/gcc/arm-none-eabi/10.3.1/../../../../arm-none-eabi/lib/thumb/v7-m/nofp\libc_nano.a(lib_a-findfp.o)
                                                  c:/gnuarm~1/102021~1.10/bin/../lib/gcc/arm-none-eabi/10.3.1/../../../../arm-none-eabi/lib/thumb/v7-m/nofp\libc_nano.a(lib_a-exit.o)
_has_ext_exit_extended                            c:/gnuarm~1/102021~1.10/bin/../lib/gcc/arm-none-eabi/10.3.1/../../../../arm-none-eabi/lib/thumb/v7-m/nofp\librdimon_nano.a(rdimon-syscalls.o)
                                                  c:/gnuarm~1/102021~1.10/bin/../lib/gcc/arm-none-eabi/10.3.1/../../../../arm-none-eabi/lib/thumb/v7-m/nofp\librdimon_nano.a(rdimon-_kill.o)
_has_ext_stdout_stderr                            c:/gnuarm~1/102021~1.10/bin/../lib/gcc/arm-none-eabi/10.3.1/../../../../arm-none-eabi/lib/thumb/v7-m/nofp\librdimon_nano.a(rdimon-syscalls.o)
_impure_ptr                                       c:/gnuarm~1/102021~1.10/bin/../lib/gcc/arm-none-eabi/10.3.1/../../../../arm-none-eabi/lib/thumb/v7-m/nofp\libc_nano.a(lib_a-impure.o)
                                                  c:/gnuarm~1/102021~1.10/bin/../lib/gcc/arm-none-eabi/10.3.1/../../../../arm-none-eabi/lib/thumb/v7-m/nofp\libc_nano.a(lib_a-reent.o)
                                                  c:/gnuarm~1/102021~1.10/bin/../lib/gcc/arm-none-eabi/10.3.1/../../../../arm-none-eabi/lib/thumb/v7-m/nofp\libc_nano.a(lib_a-fflush.o)
                                                  c:/gnuarm~1/102021~1.10/bin/../lib/gcc/arm-none-eabi/10.3.1/../../../../arm-none-eabi/lib/thumb/v7-m/nofp\libc_nano.a(lib_a-findfp.o)
                                                  c:/gnuarm~1/102021~1.10/bin/../lib/gcc/arm-none-eabi/10.3.1/../../../../arm-none-eabi/lib/thumb/v7-m/nofp\libc_nano.a(lib_a-errno.o)
                                                  c:/gnuarm~1/102021~1.10/bin/../lib/gcc/arm-none-eabi/10.3.1/../../../../arm-none-eabi/lib/thumb/v7-m/nofp\librdimon_nano.a(rdimon-syscalls.o)
_init                                             c:/gnuarm~1/102021~1.10/bin/../lib/gcc/arm-none-eabi/10.3.1/thumb/v7-m/nofp/crti.o
                                                  c:/gnuarm~1/102021~1.10/bin/../lib/gcc/arm-none-eabi/10.3.1/../../../../arm-none-eabi/lib/thumb/v7-m/nofp\libc_nano.a(lib_a-init.o)
_isatty                                           c:/gnuarm~1/102021~1.10/bin/../lib/gcc/arm-none-eabi/10.3.1/../../../../arm-none-eabi/lib/thumb/v7-m/nofp\librdimon_nano.a(rdimon-syscalls.o)
_kill                                             c:/gnuarm~1/102021~1.10/bin/../lib/gcc/arm-none-eabi/10.3.1/../../../../arm-none-eabi/lib/thumb/v7-m/nofp\librdimon_nano.a(rdimon-_kill.o)
_kill_shared                                      c:/gnuarm~1/102021~1.10/bin/../lib/gcc/arm-none-eabi/10.3.1/../../../../arm-none-eabi/lib/thumb/v7-m/nofp\librdimon_nano.a(rdimon-_kill.o)
                                                  c:/gnuarm~1/102021~1.10/bin/../lib/gcc/arm-none-eabi/10.3.1/../../../../arm-none-eabi/lib/thumb/v7-m/nofp\librdimon_nano.a(rdimon-_exit.o)
_link                                             c:/gnuarm~1/102021~1.10/bin/../lib/gcc/arm-none-eabi/10.3.1/../../../../arm-none-eabi/lib/thumb/v7-m/nofp\librdimon_nano.a(rdimon-syscalls.o)
_lseek                                            c:/gnuarm~1/102021~1.10/bin/../lib/gcc/arm-none-eabi/10.3.1/../../../../arm-none-eabi/lib/thumb/v7-m/nofp\librdimon_nano.a(rdimon-syscalls.o)
                                                  c:/gnuarm~1/102021~1.10/bin/../lib/gcc/arm-none-eabi/10.3.1/../../../../arm-none-eabi/lib/thumb/v7-m/nofp\libc_nano.a(lib_a-lseekr.o)
_lseek_r                                          c:/gnuarm~1/102021~1.10/bin/../lib/gcc/arm-none-eabi/10.3.1/../../../../arm-none-eabi/lib/thumb/v7-m/nofp\libc_nano.a(lib_a-lseekr.o)
                                                  c:/gnuarm~1/102021~1.10/bin/../lib/gcc/arm-none-eabi/10.3.1/../../../../arm-none-eabi/lib/thumb/v7-m/nofp\libc_nano.a(lib_a-stdio.o)
_mainCRTStartup                                   c:/gnuarm~1/102021~1.10/bin/../lib/gcc/arm-none-eabi/10.3.1/../../../../arm-none-eabi/lib/thumb/v7-m/nofp/rdimon-crt0.o
_malloc_r                                         c:/gnuarm~1/102021~1.10/bin/../lib/gcc/arm-none-eabi/10.3.1/../../../../arm-none-eabi/lib/thumb/v7-m/nofp\libc_nano.a(lib_a-nano-mallocr.o)
                                                  c:/gnuarm~1/102021~1.10/bin/../lib/gcc/arm-none-eabi/10.3.1/../../../../arm-none-eabi/lib/thumb/v7-m/nofp\libc_nano.a(lib_a-findfp.o)
_open                                             c:/gnuarm~1/102021~1.10/bin/../lib/gcc/arm-none-eabi/10.3.1/../../../../arm-none-eabi/lib/thumb/v7-m/nofp\librdimon_nano.a(rdimon-syscalls.o)
_read                                             c:/gnuarm~1/102021~1.10/bin/../lib/gcc/arm-none-eabi/10.3.1/../../../../arm-none-eabi/lib/thumb/v7-m/nofp\librdimon_nano.a(rdimon-syscalls.o)
                                                  c:/gnuarm~1/102021~1.10/bin/../lib/gcc/arm-none-eabi/10.3.1/../../../../arm-none-eabi/lib/thumb/v7-m/nofp\libc_nano.a(lib_a-readr.o)
_read_r                                           c:/gnuarm~1/102021~1.10/bin/../lib/gcc/arm-none-eabi/10.3.1/../../../../arm-none-eabi/lib/thumb/v7-m/nofp\libc_nano.a(lib_a-readr.o)
                                                  c:/gnuarm~1/102021~1.10/bin/../lib/gcc/arm-none-eabi/10.3.1/../../../../arm-none-eabi/lib/thumb/v7-m/nofp\libc_nano.a(lib_a-stdio.o)
_reclaim_reent                                    c:/gnuarm~1/102021~1.10/bin/../lib/gcc/arm-none-eabi/10.3.1/../../../../arm-none-eabi/lib/thumb/v7-m/nofp\libc_nano.a(lib_a-reent.o)
_rename                                           c:/gnuarm~1/102021~1.10/bin/../lib/gcc/arm-none-eabi/10.3.1/../../../../arm-none-eabi/lib/thumb/v7-m/nofp\librdimon_nano.a(rdimon-syscalls.o)
_sbrk                                             c:/gnuarm~1/102021~1.10/bin/../lib/gcc/arm-none-eabi/10.3.1/../../../../arm-none-eabi/lib/thumb/v7-m/nofp\librdimon_nano.a(rdimon-syscalls.o)
                                                  c:/gnuarm~1/102021~1.10/bin/../lib/gcc/arm-none-eabi/10.3.1/../../../../arm-none-eabi/lib/thumb/v7-m/nofp\libc_nano.a(lib_a-sbrkr.o)
_sbrk_r                                           c:/gnuarm~1/102021~1.10/bin/../lib/gcc/arm-none-eabi/10.3.1/../../../../arm-none-eabi/lib/thumb/v7-m/nofp\libc_nano.a(lib_a-sbrkr.o)
                                                  c:/gnuarm~1/102021~1.10/bin/../lib/gcc/arm-none-eabi/10.3.1/../../../../arm-none-eabi/lib/thumb/v7-m/nofp\libc_nano.a(lib_a-nano-mallocr.o)
_sbss                                             CMakeFiles/GD32F103.elf.dir/device/startup_gd32f10x_md.s.obj
_sdata                                            CMakeFiles/GD32F103.elf.dir/device/startup_gd32f10x_md.s.obj
_sidata                                           CMakeFiles/GD32F103.elf.dir/device/startup_gd32f10x_md.s.obj
_stack_init                                       c:/gnuarm~1/102021~1.10/bin/../lib/gcc/arm-none-eabi/10.3.1/../../../../arm-none-eabi/lib/thumb/v7-m/nofp/rdimon-crt0.o
_start                                            c:/gnuarm~1/102021~1.10/bin/../lib/gcc/arm-none-eabi/10.3.1/../../../../arm-none-eabi/lib/thumb/v7-m/nofp/rdimon-crt0.o
_stat                                             c:/gnuarm~1/102021~1.10/bin/../lib/gcc/arm-none-eabi/10.3.1/../../../../arm-none-eabi/lib/thumb/v7-m/nofp\librdimon_nano.a(rdimon-syscalls.o)
_swiclose                                         c:/gnuarm~1/102021~1.10/bin/../lib/gcc/arm-none-eabi/10.3.1/../../../../arm-none-eabi/lib/thumb/v7-m/nofp\librdimon_nano.a(rdimon-syscalls.o)
_swilseek                                         c:/gnuarm~1/102021~1.10/bin/../lib/gcc/arm-none-eabi/10.3.1/../../../../arm-none-eabi/lib/thumb/v7-m/nofp\librdimon_nano.a(rdimon-syscalls.o)
_swiopen                                          c:/gnuarm~1/102021~1.10/bin/../lib/gcc/arm-none-eabi/10.3.1/../../../../arm-none-eabi/lib/thumb/v7-m/nofp\librdimon_nano.a(rdimon-syscalls.o)
_swiread                                          c:/gnuarm~1/102021~1.10/bin/../lib/gcc/arm-none-eabi/10.3.1/../../../../arm-none-eabi/lib/thumb/v7-m/nofp\librdimon_nano.a(rdimon-syscalls.o)
_swistat                                          c:/gnuarm~1/102021~1.10/bin/../lib/gcc/arm-none-eabi/10.3.1/../../../../arm-none-eabi/lib/thumb/v7-m/nofp\librdimon_nano.a(rdimon-syscalls.o)
_swiwrite                                         c:/gnuarm~1/102021~1.10/bin/../lib/gcc/arm-none-eabi/10.3.1/../../../../arm-none-eabi/lib/thumb/v7-m/nofp\librdimon_nano.a(rdimon-syscalls.o)
_system                                           c:/gnuarm~1/102021~1.10/bin/../lib/gcc/arm-none-eabi/10.3.1/../../../../arm-none-eabi/lib/thumb/v7-m/nofp\librdimon_nano.a(rdimon-syscalls.o)
_times                                            c:/gnuarm~1/102021~1.10/bin/../lib/gcc/arm-none-eabi/10.3.1/../../../../arm-none-eabi/lib/thumb/v7-m/nofp\librdimon_nano.a(rdimon-syscalls.o)
_unlink                                           c:/gnuarm~1/102021~1.10/bin/../lib/gcc/arm-none-eabi/10.3.1/../../../../arm-none-eabi/lib/thumb/v7-m/nofp\librdimon_nano.a(rdimon-syscalls.o)
_write                                            c:/gnuarm~1/102021~1.10/bin/../lib/gcc/arm-none-eabi/10.3.1/../../../../arm-none-eabi/lib/thumb/v7-m/nofp\librdimon_nano.a(rdimon-syscalls.o)
                                                  c:/gnuarm~1/102021~1.10/bin/../lib/gcc/arm-none-eabi/10.3.1/../../../../arm-none-eabi/lib/thumb/v7-m/nofp\libc_nano.a(lib_a-writer.o)
_write_r                                          c:/gnuarm~1/102021~1.10/bin/../lib/gcc/arm-none-eabi/10.3.1/../../../../arm-none-eabi/lib/thumb/v7-m/nofp\libc_nano.a(lib_a-writer.o)
                                                  c:/gnuarm~1/102021~1.10/bin/../lib/gcc/arm-none-eabi/10.3.1/../../../../arm-none-eabi/lib/thumb/v7-m/nofp\libc_nano.a(lib_a-stdio.o)
adc_calibration_enable                            CMakeFiles/GD32F103.elf.dir/device/src/gd32f10x_adc.c.obj
adc_channel_length_config                         CMakeFiles/GD32F103.elf.dir/device/src/gd32f10x_adc.c.obj
adc_data_alignment_config                         CMakeFiles/GD32F103.elf.dir/device/src/gd32f10x_adc.c.obj
adc_deinit                                        CMakeFiles/GD32F103.elf.dir/device/src/gd32f10x_adc.c.obj
adc_disable                                       CMakeFiles/GD32F103.elf.dir/device/src/gd32f10x_adc.c.obj
adc_discontinuous_mode_config                     CMakeFiles/GD32F103.elf.dir/device/src/gd32f10x_adc.c.obj
adc_dma_mode_disable                              CMakeFiles/GD32F103.elf.dir/device/src/gd32f10x_adc.c.obj
adc_dma_mode_enable                               CMakeFiles/GD32F103.elf.dir/device/src/gd32f10x_adc.c.obj
adc_enable                                        CMakeFiles/GD32F103.elf.dir/device/src/gd32f10x_adc.c.obj
adc_external_trigger_config                       CMakeFiles/GD32F103.elf.dir/device/src/gd32f10x_adc.c.obj
adc_external_trigger_source_config                CMakeFiles/GD32F103.elf.dir/device/src/gd32f10x_adc.c.obj
adc_flag_clear                                    CMakeFiles/GD32F103.elf.dir/device/src/gd32f10x_adc.c.obj
adc_flag_get                                      CMakeFiles/GD32F103.elf.dir/device/src/gd32f10x_adc.c.obj
adc_inserted_channel_config                       CMakeFiles/GD32F103.elf.dir/device/src/gd32f10x_adc.c.obj
adc_inserted_channel_offset_config                CMakeFiles/GD32F103.elf.dir/device/src/gd32f10x_adc.c.obj
adc_inserted_data_read                            CMakeFiles/GD32F103.elf.dir/device/src/gd32f10x_adc.c.obj
adc_inserted_software_startconv_flag_get          CMakeFiles/GD32F103.elf.dir/device/src/gd32f10x_adc.c.obj
adc_interrupt_disable                             CMakeFiles/GD32F103.elf.dir/device/src/gd32f10x_adc.c.obj
adc_interrupt_enable                              CMakeFiles/GD32F103.elf.dir/device/src/gd32f10x_adc.c.obj
adc_interrupt_flag_clear                          CMakeFiles/GD32F103.elf.dir/device/src/gd32f10x_adc.c.obj
adc_interrupt_flag_get                            CMakeFiles/GD32F103.elf.dir/device/src/gd32f10x_adc.c.obj
adc_mode_config                                   CMakeFiles/GD32F103.elf.dir/device/src/gd32f10x_adc.c.obj
adc_regular_channel_config                        CMakeFiles/GD32F103.elf.dir/device/src/gd32f10x_adc.c.obj
adc_regular_data_read                             CMakeFiles/GD32F103.elf.dir/device/src/gd32f10x_adc.c.obj
adc_regular_software_startconv_flag_get           CMakeFiles/GD32F103.elf.dir/device/src/gd32f10x_adc.c.obj
adc_software_trigger_enable                       CMakeFiles/GD32F103.elf.dir/device/src/gd32f10x_adc.c.obj
adc_special_function_config                       CMakeFiles/GD32F103.elf.dir/device/src/gd32f10x_adc.c.obj
adc_sync_mode_convert_value_read                  CMakeFiles/GD32F103.elf.dir/device/src/gd32f10x_adc.c.obj
adc_tempsensor_vrefint_disable                    CMakeFiles/GD32F103.elf.dir/device/src/gd32f10x_adc.c.obj
adc_tempsensor_vrefint_enable                     CMakeFiles/GD32F103.elf.dir/device/src/gd32f10x_adc.c.obj
adc_watchdog_disable                              CMakeFiles/GD32F103.elf.dir/device/src/gd32f10x_adc.c.obj
adc_watchdog_group_channel_enable                 CMakeFiles/GD32F103.elf.dir/device/src/gd32f10x_adc.c.obj
adc_watchdog_single_channel_enable                CMakeFiles/GD32F103.elf.dir/device/src/gd32f10x_adc.c.obj
adc_watchdog_threshold_config                     CMakeFiles/GD32F103.elf.dir/device/src/gd32f10x_adc.c.obj
atexit                                            c:/gnuarm~1/102021~1.10/bin/../lib/gcc/arm-none-eabi/10.3.1/../../../../arm-none-eabi/lib/thumb/v7-m/nofp/rdimon-crt0.o
bkp_data_read                                     CMakeFiles/GD32F103.elf.dir/device/src/gd32f10x_bkp.c.obj
bkp_data_write                                    CMakeFiles/GD32F103.elf.dir/device/src/gd32f10x_bkp.c.obj
bkp_deinit                                        CMakeFiles/GD32F103.elf.dir/device/src/gd32f10x_bkp.c.obj
bkp_flag_clear                                    CMakeFiles/GD32F103.elf.dir/device/src/gd32f10x_bkp.c.obj
bkp_flag_get                                      CMakeFiles/GD32F103.elf.dir/device/src/gd32f10x_bkp.c.obj
bkp_interrupt_disable                             CMakeFiles/GD32F103.elf.dir/device/src/gd32f10x_bkp.c.obj
bkp_interrupt_enable                              CMakeFiles/GD32F103.elf.dir/device/src/gd32f10x_bkp.c.obj
bkp_interrupt_flag_clear                          CMakeFiles/GD32F103.elf.dir/device/src/gd32f10x_bkp.c.obj
bkp_interrupt_flag_get                            CMakeFiles/GD32F103.elf.dir/device/src/gd32f10x_bkp.c.obj
bkp_rtc_calibration_output_disable                CMakeFiles/GD32F103.elf.dir/device/src/gd32f10x_bkp.c.obj
bkp_rtc_calibration_output_enable                 CMakeFiles/GD32F103.elf.dir/device/src/gd32f10x_bkp.c.obj
bkp_rtc_calibration_value_set                     CMakeFiles/GD32F103.elf.dir/device/src/gd32f10x_bkp.c.obj
bkp_rtc_output_select                             CMakeFiles/GD32F103.elf.dir/device/src/gd32f10x_bkp.c.obj
bkp_rtc_signal_output_disable                     CMakeFiles/GD32F103.elf.dir/device/src/gd32f10x_bkp.c.obj
bkp_rtc_signal_output_enable                      CMakeFiles/GD32F103.elf.dir/device/src/gd32f10x_bkp.c.obj
bkp_tamper_active_level_set                       CMakeFiles/GD32F103.elf.dir/device/src/gd32f10x_bkp.c.obj
bkp_tamper_detection_disable                      CMakeFiles/GD32F103.elf.dir/device/src/gd32f10x_bkp.c.obj
bkp_tamper_detection_enable                       CMakeFiles/GD32F103.elf.dir/device/src/gd32f10x_bkp.c.obj
can1_filter_start_bank                            CMakeFiles/GD32F103.elf.dir/device/src/gd32f10x_can.c.obj
can_debug_freeze_disable                          CMakeFiles/GD32F103.elf.dir/device/src/gd32f10x_can.c.obj
can_debug_freeze_enable                           CMakeFiles/GD32F103.elf.dir/device/src/gd32f10x_can.c.obj
can_deinit                                        CMakeFiles/GD32F103.elf.dir/device/src/gd32f10x_can.c.obj
can_error_get                                     CMakeFiles/GD32F103.elf.dir/device/src/gd32f10x_can.c.obj
can_fifo_release                                  CMakeFiles/GD32F103.elf.dir/device/src/gd32f10x_can.c.obj
can_filter_init                                   CMakeFiles/GD32F103.elf.dir/device/src/gd32f10x_can.c.obj
can_flag_clear                                    CMakeFiles/GD32F103.elf.dir/device/src/gd32f10x_can.c.obj
can_flag_get                                      CMakeFiles/GD32F103.elf.dir/device/src/gd32f10x_can.c.obj
can_init                                          CMakeFiles/GD32F103.elf.dir/device/src/gd32f10x_can.c.obj
can_interrupt_disable                             CMakeFiles/GD32F103.elf.dir/device/src/gd32f10x_can.c.obj
can_interrupt_enable                              CMakeFiles/GD32F103.elf.dir/device/src/gd32f10x_can.c.obj
can_interrupt_flag_clear                          CMakeFiles/GD32F103.elf.dir/device/src/gd32f10x_can.c.obj
can_interrupt_flag_get                            CMakeFiles/GD32F103.elf.dir/device/src/gd32f10x_can.c.obj
can_message_receive                               CMakeFiles/GD32F103.elf.dir/device/src/gd32f10x_can.c.obj
can_message_transmit                              CMakeFiles/GD32F103.elf.dir/device/src/gd32f10x_can.c.obj
can_receive_error_number_get                      CMakeFiles/GD32F103.elf.dir/device/src/gd32f10x_can.c.obj
can_receive_message_length_get                    CMakeFiles/GD32F103.elf.dir/device/src/gd32f10x_can.c.obj
can_struct_para_init                              CMakeFiles/GD32F103.elf.dir/device/src/gd32f10x_can.c.obj
can_time_trigger_mode_disable                     CMakeFiles/GD32F103.elf.dir/device/src/gd32f10x_can.c.obj
can_time_trigger_mode_enable                      CMakeFiles/GD32F103.elf.dir/device/src/gd32f10x_can.c.obj
can_transmission_stop                             CMakeFiles/GD32F103.elf.dir/device/src/gd32f10x_can.c.obj
can_transmit_error_number_get                     CMakeFiles/GD32F103.elf.dir/device/src/gd32f10x_can.c.obj
can_transmit_states                               CMakeFiles/GD32F103.elf.dir/device/src/gd32f10x_can.c.obj
can_wakeup                                        CMakeFiles/GD32F103.elf.dir/device/src/gd32f10x_can.c.obj
can_working_mode_set                              CMakeFiles/GD32F103.elf.dir/device/src/gd32f10x_can.c.obj
cleanup_glue                                      c:/gnuarm~1/102021~1.10/bin/../lib/gcc/arm-none-eabi/10.3.1/../../../../arm-none-eabi/lib/thumb/v7-m/nofp\libc_nano.a(lib_a-reent.o)
crc_block_data_calculate                          CMakeFiles/GD32F103.elf.dir/device/src/gd32f10x_crc.c.obj
crc_data_register_read                            CMakeFiles/GD32F103.elf.dir/device/src/gd32f10x_crc.c.obj
crc_data_register_reset                           CMakeFiles/GD32F103.elf.dir/device/src/gd32f10x_crc.c.obj
crc_deinit                                        CMakeFiles/GD32F103.elf.dir/device/src/gd32f10x_crc.c.obj
crc_free_data_register_read                       CMakeFiles/GD32F103.elf.dir/device/src/gd32f10x_crc.c.obj
crc_free_data_register_write                      CMakeFiles/GD32F103.elf.dir/device/src/gd32f10x_crc.c.obj
crc_single_data_calculate                         CMakeFiles/GD32F103.elf.dir/device/src/gd32f10x_crc.c.obj
dac_concurrent_data_set                           CMakeFiles/GD32F103.elf.dir/device/src/gd32f10x_dac.c.obj
dac_concurrent_disable                            CMakeFiles/GD32F103.elf.dir/device/src/gd32f10x_dac.c.obj
dac_concurrent_enable                             CMakeFiles/GD32F103.elf.dir/device/src/gd32f10x_dac.c.obj
dac_concurrent_output_buffer_disable              CMakeFiles/GD32F103.elf.dir/device/src/gd32f10x_dac.c.obj
dac_concurrent_output_buffer_enable               CMakeFiles/GD32F103.elf.dir/device/src/gd32f10x_dac.c.obj
dac_concurrent_software_trigger_disable           CMakeFiles/GD32F103.elf.dir/device/src/gd32f10x_dac.c.obj
dac_concurrent_software_trigger_enable            CMakeFiles/GD32F103.elf.dir/device/src/gd32f10x_dac.c.obj
dac_data_set                                      CMakeFiles/GD32F103.elf.dir/device/src/gd32f10x_dac.c.obj
dac_deinit                                        CMakeFiles/GD32F103.elf.dir/device/src/gd32f10x_dac.c.obj
dac_disable                                       CMakeFiles/GD32F103.elf.dir/device/src/gd32f10x_dac.c.obj
dac_dma_disable                                   CMakeFiles/GD32F103.elf.dir/device/src/gd32f10x_dac.c.obj
dac_dma_enable                                    CMakeFiles/GD32F103.elf.dir/device/src/gd32f10x_dac.c.obj
dac_enable                                        CMakeFiles/GD32F103.elf.dir/device/src/gd32f10x_dac.c.obj
dac_lfsr_noise_config                             CMakeFiles/GD32F103.elf.dir/device/src/gd32f10x_dac.c.obj
dac_output_buffer_disable                         CMakeFiles/GD32F103.elf.dir/device/src/gd32f10x_dac.c.obj
dac_output_buffer_enable                          CMakeFiles/GD32F103.elf.dir/device/src/gd32f10x_dac.c.obj
dac_output_value_get                              CMakeFiles/GD32F103.elf.dir/device/src/gd32f10x_dac.c.obj
dac_software_trigger_disable                      CMakeFiles/GD32F103.elf.dir/device/src/gd32f10x_dac.c.obj
dac_software_trigger_enable                       CMakeFiles/GD32F103.elf.dir/device/src/gd32f10x_dac.c.obj
dac_triangle_noise_config                         CMakeFiles/GD32F103.elf.dir/device/src/gd32f10x_dac.c.obj
dac_trigger_disable                               CMakeFiles/GD32F103.elf.dir/device/src/gd32f10x_dac.c.obj
dac_trigger_enable                                CMakeFiles/GD32F103.elf.dir/device/src/gd32f10x_dac.c.obj
dac_trigger_source_config                         CMakeFiles/GD32F103.elf.dir/device/src/gd32f10x_dac.c.obj
dac_wave_bit_width_config                         CMakeFiles/GD32F103.elf.dir/device/src/gd32f10x_dac.c.obj
dac_wave_mode_config                              CMakeFiles/GD32F103.elf.dir/device/src/gd32f10x_dac.c.obj
dbg_id_get                                        CMakeFiles/GD32F103.elf.dir/device/src/gd32f10x_dbg.c.obj
dbg_low_power_disable                             CMakeFiles/GD32F103.elf.dir/device/src/gd32f10x_dbg.c.obj
dbg_low_power_enable                              CMakeFiles/GD32F103.elf.dir/device/src/gd32f10x_dbg.c.obj
dbg_periph_disable                                CMakeFiles/GD32F103.elf.dir/device/src/gd32f10x_dbg.c.obj
dbg_periph_enable                                 CMakeFiles/GD32F103.elf.dir/device/src/gd32f10x_dbg.c.obj
                                                  CMakeFiles/GD32F103.elf.dir/device/src/gd32f10x_can.c.obj
dbg_trace_pin_disable                             CMakeFiles/GD32F103.elf.dir/device/src/gd32f10x_dbg.c.obj
dbg_trace_pin_enable                              CMakeFiles/GD32F103.elf.dir/device/src/gd32f10x_dbg.c.obj
dbg_trace_pin_mode_set                            CMakeFiles/GD32F103.elf.dir/device/src/gd32f10x_dbg.c.obj
dma_channel_disable                               CMakeFiles/GD32F103.elf.dir/device/src/gd32f10x_dma.c.obj
dma_channel_enable                                CMakeFiles/GD32F103.elf.dir/device/src/gd32f10x_dma.c.obj
dma_circulation_disable                           CMakeFiles/GD32F103.elf.dir/device/src/gd32f10x_dma.c.obj
dma_circulation_enable                            CMakeFiles/GD32F103.elf.dir/device/src/gd32f10x_dma.c.obj
dma_deinit                                        CMakeFiles/GD32F103.elf.dir/device/src/gd32f10x_dma.c.obj
dma_flag_clear                                    CMakeFiles/GD32F103.elf.dir/device/src/gd32f10x_dma.c.obj
dma_flag_get                                      CMakeFiles/GD32F103.elf.dir/device/src/gd32f10x_dma.c.obj
dma_init                                          CMakeFiles/GD32F103.elf.dir/device/src/gd32f10x_dma.c.obj
dma_interrupt_disable                             CMakeFiles/GD32F103.elf.dir/device/src/gd32f10x_dma.c.obj
dma_interrupt_enable                              CMakeFiles/GD32F103.elf.dir/device/src/gd32f10x_dma.c.obj
dma_interrupt_flag_clear                          CMakeFiles/GD32F103.elf.dir/device/src/gd32f10x_dma.c.obj
dma_interrupt_flag_get                            CMakeFiles/GD32F103.elf.dir/device/src/gd32f10x_dma.c.obj
dma_memory_address_config                         CMakeFiles/GD32F103.elf.dir/device/src/gd32f10x_dma.c.obj
dma_memory_increase_disable                       CMakeFiles/GD32F103.elf.dir/device/src/gd32f10x_dma.c.obj
dma_memory_increase_enable                        CMakeFiles/GD32F103.elf.dir/device/src/gd32f10x_dma.c.obj
dma_memory_to_memory_disable                      CMakeFiles/GD32F103.elf.dir/device/src/gd32f10x_dma.c.obj
dma_memory_to_memory_enable                       CMakeFiles/GD32F103.elf.dir/device/src/gd32f10x_dma.c.obj
dma_memory_width_config                           CMakeFiles/GD32F103.elf.dir/device/src/gd32f10x_dma.c.obj
dma_periph_address_config                         CMakeFiles/GD32F103.elf.dir/device/src/gd32f10x_dma.c.obj
dma_periph_increase_disable                       CMakeFiles/GD32F103.elf.dir/device/src/gd32f10x_dma.c.obj
dma_periph_increase_enable                        CMakeFiles/GD32F103.elf.dir/device/src/gd32f10x_dma.c.obj
dma_periph_width_config                           CMakeFiles/GD32F103.elf.dir/device/src/gd32f10x_dma.c.obj
dma_priority_config                               CMakeFiles/GD32F103.elf.dir/device/src/gd32f10x_dma.c.obj
dma_struct_para_init                              CMakeFiles/GD32F103.elf.dir/device/src/gd32f10x_dma.c.obj
dma_transfer_direction_config                     CMakeFiles/GD32F103.elf.dir/device/src/gd32f10x_dma.c.obj
dma_transfer_number_config                        CMakeFiles/GD32F103.elf.dir/device/src/gd32f10x_dma.c.obj
dma_transfer_number_get                           CMakeFiles/GD32F103.elf.dir/device/src/gd32f10x_dma.c.obj
end                                               c:/gnuarm~1/102021~1.10/bin/../lib/gcc/arm-none-eabi/10.3.1/../../../../arm-none-eabi/lib/thumb/v7-m/nofp\librdimon_nano.a(rdimon-syscalls.o)
errno                                             c:/gnuarm~1/102021~1.10/bin/../lib/gcc/arm-none-eabi/10.3.1/../../../../arm-none-eabi/lib/thumb/v7-m/nofp\libc_nano.a(lib_a-reent.o)
                                                  c:/gnuarm~1/102021~1.10/bin/../lib/gcc/arm-none-eabi/10.3.1/../../../../arm-none-eabi/lib/thumb/v7-m/nofp\libc_nano.a(lib_a-readr.o)
                                                  c:/gnuarm~1/102021~1.10/bin/../lib/gcc/arm-none-eabi/10.3.1/../../../../arm-none-eabi/lib/thumb/v7-m/nofp\libc_nano.a(lib_a-lseekr.o)
                                                  c:/gnuarm~1/102021~1.10/bin/../lib/gcc/arm-none-eabi/10.3.1/../../../../arm-none-eabi/lib/thumb/v7-m/nofp\libc_nano.a(lib_a-closer.o)
                                                  c:/gnuarm~1/102021~1.10/bin/../lib/gcc/arm-none-eabi/10.3.1/../../../../arm-none-eabi/lib/thumb/v7-m/nofp\libc_nano.a(lib_a-writer.o)
                                                  c:/gnuarm~1/102021~1.10/bin/../lib/gcc/arm-none-eabi/10.3.1/../../../../arm-none-eabi/lib/thumb/v7-m/nofp\libc_nano.a(lib_a-sbrkr.o)
exit                                              c:/gnuarm~1/102021~1.10/bin/../lib/gcc/arm-none-eabi/10.3.1/../../../../arm-none-eabi/lib/thumb/v7-m/nofp\libc_nano.a(lib_a-exit.o)
                                                  c:/gnuarm~1/102021~1.10/bin/../lib/gcc/arm-none-eabi/10.3.1/../../../../arm-none-eabi/lib/thumb/v7-m/nofp/rdimon-crt0.o
exmc_ecc_get                                      CMakeFiles/GD32F103.elf.dir/device/src/gd32f10x_exmc.c.obj
exmc_flag_clear                                   CMakeFiles/GD32F103.elf.dir/device/src/gd32f10x_exmc.c.obj
exmc_flag_get                                     CMakeFiles/GD32F103.elf.dir/device/src/gd32f10x_exmc.c.obj
exmc_interrupt_disable                            CMakeFiles/GD32F103.elf.dir/device/src/gd32f10x_exmc.c.obj
exmc_interrupt_enable                             CMakeFiles/GD32F103.elf.dir/device/src/gd32f10x_exmc.c.obj
exmc_interrupt_flag_clear                         CMakeFiles/GD32F103.elf.dir/device/src/gd32f10x_exmc.c.obj
exmc_interrupt_flag_get                           CMakeFiles/GD32F103.elf.dir/device/src/gd32f10x_exmc.c.obj
exmc_nand_deinit                                  CMakeFiles/GD32F103.elf.dir/device/src/gd32f10x_exmc.c.obj
exmc_nand_disable                                 CMakeFiles/GD32F103.elf.dir/device/src/gd32f10x_exmc.c.obj
exmc_nand_ecc_config                              CMakeFiles/GD32F103.elf.dir/device/src/gd32f10x_exmc.c.obj
exmc_nand_enable                                  CMakeFiles/GD32F103.elf.dir/device/src/gd32f10x_exmc.c.obj
exmc_nand_init                                    CMakeFiles/GD32F103.elf.dir/device/src/gd32f10x_exmc.c.obj
exmc_nand_struct_para_init                        CMakeFiles/GD32F103.elf.dir/device/src/gd32f10x_exmc.c.obj
exmc_norsram_deinit                               CMakeFiles/GD32F103.elf.dir/device/src/gd32f10x_exmc.c.obj
exmc_norsram_disable                              CMakeFiles/GD32F103.elf.dir/device/src/gd32f10x_exmc.c.obj
exmc_norsram_enable                               CMakeFiles/GD32F103.elf.dir/device/src/gd32f10x_exmc.c.obj
exmc_norsram_init                                 CMakeFiles/GD32F103.elf.dir/device/src/gd32f10x_exmc.c.obj
exmc_norsram_struct_para_init                     CMakeFiles/GD32F103.elf.dir/device/src/gd32f10x_exmc.c.obj
exmc_pccard_deinit                                CMakeFiles/GD32F103.elf.dir/device/src/gd32f10x_exmc.c.obj
exmc_pccard_disable                               CMakeFiles/GD32F103.elf.dir/device/src/gd32f10x_exmc.c.obj
exmc_pccard_enable                                CMakeFiles/GD32F103.elf.dir/device/src/gd32f10x_exmc.c.obj
exmc_pccard_init                                  CMakeFiles/GD32F103.elf.dir/device/src/gd32f10x_exmc.c.obj
exmc_pccard_struct_para_init                      CMakeFiles/GD32F103.elf.dir/device/src/gd32f10x_exmc.c.obj
exti_deinit                                       CMakeFiles/GD32F103.elf.dir/device/src/gd32f10x_exti.c.obj
exti_event_disable                                CMakeFiles/GD32F103.elf.dir/device/src/gd32f10x_exti.c.obj
exti_event_enable                                 CMakeFiles/GD32F103.elf.dir/device/src/gd32f10x_exti.c.obj
exti_flag_clear                                   CMakeFiles/GD32F103.elf.dir/device/src/gd32f10x_exti.c.obj
exti_flag_get                                     CMakeFiles/GD32F103.elf.dir/device/src/gd32f10x_exti.c.obj
exti_init                                         CMakeFiles/GD32F103.elf.dir/device/src/gd32f10x_exti.c.obj
exti_interrupt_disable                            CMakeFiles/GD32F103.elf.dir/device/src/gd32f10x_exti.c.obj
exti_interrupt_enable                             CMakeFiles/GD32F103.elf.dir/device/src/gd32f10x_exti.c.obj
exti_interrupt_flag_clear                         CMakeFiles/GD32F103.elf.dir/device/src/gd32f10x_exti.c.obj
exti_interrupt_flag_get                           CMakeFiles/GD32F103.elf.dir/device/src/gd32f10x_exti.c.obj
exti_software_interrupt_disable                   CMakeFiles/GD32F103.elf.dir/device/src/gd32f10x_exti.c.obj
exti_software_interrupt_enable                    CMakeFiles/GD32F103.elf.dir/device/src/gd32f10x_exti.c.obj
fflush                                            c:/gnuarm~1/102021~1.10/bin/../lib/gcc/arm-none-eabi/10.3.1/../../../../arm-none-eabi/lib/thumb/v7-m/nofp\libc_nano.a(lib_a-fflush.o)
fmc_bank0_erase                                   CMakeFiles/GD32F103.elf.dir/device/src/gd32f10x_fmc.c.obj
fmc_bank0_lock                                    CMakeFiles/GD32F103.elf.dir/device/src/gd32f10x_fmc.c.obj
fmc_bank0_ready_wait                              CMakeFiles/GD32F103.elf.dir/device/src/gd32f10x_fmc.c.obj
fmc_bank0_state_get                               CMakeFiles/GD32F103.elf.dir/device/src/gd32f10x_fmc.c.obj
fmc_bank0_unlock                                  CMakeFiles/GD32F103.elf.dir/device/src/gd32f10x_fmc.c.obj
fmc_bank1_erase                                   CMakeFiles/GD32F103.elf.dir/device/src/gd32f10x_fmc.c.obj
fmc_bank1_lock                                    CMakeFiles/GD32F103.elf.dir/device/src/gd32f10x_fmc.c.obj
fmc_bank1_ready_wait                              CMakeFiles/GD32F103.elf.dir/device/src/gd32f10x_fmc.c.obj
fmc_bank1_state_get                               CMakeFiles/GD32F103.elf.dir/device/src/gd32f10x_fmc.c.obj
fmc_bank1_unlock                                  CMakeFiles/GD32F103.elf.dir/device/src/gd32f10x_fmc.c.obj
fmc_flag_clear                                    CMakeFiles/GD32F103.elf.dir/device/src/gd32f10x_fmc.c.obj
fmc_flag_get                                      CMakeFiles/GD32F103.elf.dir/device/src/gd32f10x_fmc.c.obj
fmc_halfword_program                              CMakeFiles/GD32F103.elf.dir/device/src/gd32f10x_fmc.c.obj
fmc_interrupt_disable                             CMakeFiles/GD32F103.elf.dir/device/src/gd32f10x_fmc.c.obj
fmc_interrupt_enable                              CMakeFiles/GD32F103.elf.dir/device/src/gd32f10x_fmc.c.obj
fmc_interrupt_flag_clear                          CMakeFiles/GD32F103.elf.dir/device/src/gd32f10x_fmc.c.obj
fmc_interrupt_flag_get                            CMakeFiles/GD32F103.elf.dir/device/src/gd32f10x_fmc.c.obj
fmc_lock                                          CMakeFiles/GD32F103.elf.dir/device/src/gd32f10x_fmc.c.obj
fmc_mass_erase                                    CMakeFiles/GD32F103.elf.dir/device/src/gd32f10x_fmc.c.obj
fmc_page_erase                                    CMakeFiles/GD32F103.elf.dir/device/src/gd32f10x_fmc.c.obj
fmc_unlock                                        CMakeFiles/GD32F103.elf.dir/device/src/gd32f10x_fmc.c.obj
fmc_word_program                                  CMakeFiles/GD32F103.elf.dir/device/src/gd32f10x_fmc.c.obj
fmc_wscnt_set                                     CMakeFiles/GD32F103.elf.dir/device/src/gd32f10x_fmc.c.obj
fwdgt_config                                      CMakeFiles/GD32F103.elf.dir/device/src/gd32f10x_fwdgt.c.obj
fwdgt_counter_reload                              CMakeFiles/GD32F103.elf.dir/device/src/gd32f10x_fwdgt.c.obj
fwdgt_enable                                      CMakeFiles/GD32F103.elf.dir/device/src/gd32f10x_fwdgt.c.obj
fwdgt_flag_get                                    CMakeFiles/GD32F103.elf.dir/device/src/gd32f10x_fwdgt.c.obj
fwdgt_prescaler_value_config                      CMakeFiles/GD32F103.elf.dir/device/src/gd32f10x_fwdgt.c.obj
fwdgt_reload_value_config                         CMakeFiles/GD32F103.elf.dir/device/src/gd32f10x_fwdgt.c.obj
fwdgt_write_disable                               CMakeFiles/GD32F103.elf.dir/device/src/gd32f10x_fwdgt.c.obj
fwdgt_write_enable                                CMakeFiles/GD32F103.elf.dir/device/src/gd32f10x_fwdgt.c.obj
g_pfnVectors                                      CMakeFiles/GD32F103.elf.dir/device/startup_gd32f10x_md.s.obj
gpio_afio_deinit                                  CMakeFiles/GD32F103.elf.dir/device/src/gd32f10x_gpio.c.obj
gpio_bit_reset                                    CMakeFiles/GD32F103.elf.dir/device/src/gd32f10x_gpio.c.obj
gpio_bit_set                                      CMakeFiles/GD32F103.elf.dir/device/src/gd32f10x_gpio.c.obj
gpio_bit_write                                    CMakeFiles/GD32F103.elf.dir/device/src/gd32f10x_gpio.c.obj
gpio_deinit                                       CMakeFiles/GD32F103.elf.dir/device/src/gd32f10x_gpio.c.obj
gpio_event_output_config                          CMakeFiles/GD32F103.elf.dir/device/src/gd32f10x_gpio.c.obj
gpio_event_output_disable                         CMakeFiles/GD32F103.elf.dir/device/src/gd32f10x_gpio.c.obj
gpio_event_output_enable                          CMakeFiles/GD32F103.elf.dir/device/src/gd32f10x_gpio.c.obj
gpio_exti_source_select                           CMakeFiles/GD32F103.elf.dir/device/src/gd32f10x_gpio.c.obj
gpio_init                                         CMakeFiles/GD32F103.elf.dir/device/src/gd32f10x_gpio.c.obj
gpio_input_bit_get                                CMakeFiles/GD32F103.elf.dir/device/src/gd32f10x_gpio.c.obj
gpio_input_port_get                               CMakeFiles/GD32F103.elf.dir/device/src/gd32f10x_gpio.c.obj
gpio_output_bit_get                               CMakeFiles/GD32F103.elf.dir/device/src/gd32f10x_gpio.c.obj
gpio_output_port_get                              CMakeFiles/GD32F103.elf.dir/device/src/gd32f10x_gpio.c.obj
gpio_pin_lock                                     CMakeFiles/GD32F103.elf.dir/device/src/gd32f10x_gpio.c.obj
gpio_pin_remap_config                             CMakeFiles/GD32F103.elf.dir/device/src/gd32f10x_gpio.c.obj
gpio_port_write                                   CMakeFiles/GD32F103.elf.dir/device/src/gd32f10x_gpio.c.obj
i2c_ack_config                                    CMakeFiles/GD32F103.elf.dir/device/src/gd32f10x_i2c.c.obj
i2c_ackpos_config                                 CMakeFiles/GD32F103.elf.dir/device/src/gd32f10x_i2c.c.obj
i2c_clock_config                                  CMakeFiles/GD32F103.elf.dir/device/src/gd32f10x_i2c.c.obj
i2c_data_receive                                  CMakeFiles/GD32F103.elf.dir/device/src/gd32f10x_i2c.c.obj
i2c_data_transmit                                 CMakeFiles/GD32F103.elf.dir/device/src/gd32f10x_i2c.c.obj
i2c_deinit                                        CMakeFiles/GD32F103.elf.dir/device/src/gd32f10x_i2c.c.obj
i2c_disable                                       CMakeFiles/GD32F103.elf.dir/device/src/gd32f10x_i2c.c.obj
i2c_dma_config                                    CMakeFiles/GD32F103.elf.dir/device/src/gd32f10x_i2c.c.obj
i2c_dma_last_transfer_config                      CMakeFiles/GD32F103.elf.dir/device/src/gd32f10x_i2c.c.obj
i2c_dualaddr_disable                              CMakeFiles/GD32F103.elf.dir/device/src/gd32f10x_i2c.c.obj
i2c_dualaddr_enable                               CMakeFiles/GD32F103.elf.dir/device/src/gd32f10x_i2c.c.obj
i2c_enable                                        CMakeFiles/GD32F103.elf.dir/device/src/gd32f10x_i2c.c.obj
i2c_flag_clear                                    CMakeFiles/GD32F103.elf.dir/device/src/gd32f10x_i2c.c.obj
i2c_flag_get                                      CMakeFiles/GD32F103.elf.dir/device/src/gd32f10x_i2c.c.obj
i2c_interrupt_disable                             CMakeFiles/GD32F103.elf.dir/device/src/gd32f10x_i2c.c.obj
i2c_interrupt_enable                              CMakeFiles/GD32F103.elf.dir/device/src/gd32f10x_i2c.c.obj
i2c_interrupt_flag_clear                          CMakeFiles/GD32F103.elf.dir/device/src/gd32f10x_i2c.c.obj
i2c_interrupt_flag_get                            CMakeFiles/GD32F103.elf.dir/device/src/gd32f10x_i2c.c.obj
i2c_master_addressing                             CMakeFiles/GD32F103.elf.dir/device/src/gd32f10x_i2c.c.obj
i2c_mode_addr_config                              CMakeFiles/GD32F103.elf.dir/device/src/gd32f10x_i2c.c.obj
i2c_pec_config                                    CMakeFiles/GD32F103.elf.dir/device/src/gd32f10x_i2c.c.obj
i2c_pec_transfer_config                           CMakeFiles/GD32F103.elf.dir/device/src/gd32f10x_i2c.c.obj
i2c_pec_value_get                                 CMakeFiles/GD32F103.elf.dir/device/src/gd32f10x_i2c.c.obj
i2c_slave_response_to_gcall_config                CMakeFiles/GD32F103.elf.dir/device/src/gd32f10x_i2c.c.obj
i2c_smbus_alert_config                            CMakeFiles/GD32F103.elf.dir/device/src/gd32f10x_i2c.c.obj
i2c_smbus_arp_config                              CMakeFiles/GD32F103.elf.dir/device/src/gd32f10x_i2c.c.obj
i2c_smbus_type_config                             CMakeFiles/GD32F103.elf.dir/device/src/gd32f10x_i2c.c.obj
i2c_software_reset_config                         CMakeFiles/GD32F103.elf.dir/device/src/gd32f10x_i2c.c.obj
i2c_start_on_bus                                  CMakeFiles/GD32F103.elf.dir/device/src/gd32f10x_i2c.c.obj
i2c_stop_on_bus                                   CMakeFiles/GD32F103.elf.dir/device/src/gd32f10x_i2c.c.obj
i2c_stretch_scl_low_config                        CMakeFiles/GD32F103.elf.dir/device/src/gd32f10x_i2c.c.obj
i2s_disable                                       CMakeFiles/GD32F103.elf.dir/device/src/gd32f10x_spi.c.obj
i2s_enable                                        CMakeFiles/GD32F103.elf.dir/device/src/gd32f10x_spi.c.obj
i2s_init                                          CMakeFiles/GD32F103.elf.dir/device/src/gd32f10x_spi.c.obj
i2s_psc_config                                    CMakeFiles/GD32F103.elf.dir/device/src/gd32f10x_spi.c.obj
initialise_monitor_handles                        c:/gnuarm~1/102021~1.10/bin/../lib/gcc/arm-none-eabi/10.3.1/../../../../arm-none-eabi/lib/thumb/v7-m/nofp\librdimon_nano.a(rdimon-syscalls.o)
                                                  c:/gnuarm~1/102021~1.10/bin/../lib/gcc/arm-none-eabi/10.3.1/../../../../arm-none-eabi/lib/thumb/v7-m/nofp/rdimon-crt0.o
main                                              CMakeFiles/GD32F103.elf.dir/src/main.cpp.obj
                                                  CMakeFiles/GD32F103.elf.dir/device/startup_gd32f10x_md.s.obj
                                                  c:/gnuarm~1/102021~1.10/bin/../lib/gcc/arm-none-eabi/10.3.1/../../../../arm-none-eabi/lib/thumb/v7-m/nofp/rdimon-crt0.o
memset                                            c:/gnuarm~1/102021~1.10/bin/../lib/gcc/arm-none-eabi/10.3.1/../../../../arm-none-eabi/lib/thumb/v7-m/nofp\libc_nano.a(lib_a-memset.o)
                                                  c:/gnuarm~1/102021~1.10/bin/../lib/gcc/arm-none-eabi/10.3.1/../../../../arm-none-eabi/lib/thumb/v7-m/nofp\libc_nano.a(lib_a-findfp.o)
                                                  c:/gnuarm~1/102021~1.10/bin/../lib/gcc/arm-none-eabi/10.3.1/../../../../arm-none-eabi/lib/thumb/v7-m/nofp\librdimon_nano.a(rdimon-syscalls.o)
                                                  c:/gnuarm~1/102021~1.10/bin/../lib/gcc/arm-none-eabi/10.3.1/../../../../arm-none-eabi/lib/thumb/v7-m/nofp/rdimon-crt0.o
nvic_irq_disable                                  CMakeFiles/GD32F103.elf.dir/device/src/gd32f10x_misc.c.obj
nvic_irq_enable                                   CMakeFiles/GD32F103.elf.dir/device/src/gd32f10x_misc.c.obj
nvic_priority_group_set                           CMakeFiles/GD32F103.elf.dir/device/src/gd32f10x_misc.c.obj
nvic_vector_table_set                             CMakeFiles/GD32F103.elf.dir/device/src/gd32f10x_misc.c.obj
                                                  CMakeFiles/GD32F103.elf.dir/device/system_gd32f10x.c.obj
ob_data_get                                       CMakeFiles/GD32F103.elf.dir/device/src/gd32f10x_fmc.c.obj
ob_data_program                                   CMakeFiles/GD32F103.elf.dir/device/src/gd32f10x_fmc.c.obj
ob_erase                                          CMakeFiles/GD32F103.elf.dir/device/src/gd32f10x_fmc.c.obj
ob_lock                                           CMakeFiles/GD32F103.elf.dir/device/src/gd32f10x_fmc.c.obj
ob_security_protection_config                     CMakeFiles/GD32F103.elf.dir/device/src/gd32f10x_fmc.c.obj
ob_spc_get                                        CMakeFiles/GD32F103.elf.dir/device/src/gd32f10x_fmc.c.obj
ob_unlock                                         CMakeFiles/GD32F103.elf.dir/device/src/gd32f10x_fmc.c.obj
ob_user_get                                       CMakeFiles/GD32F103.elf.dir/device/src/gd32f10x_fmc.c.obj
ob_user_write                                     CMakeFiles/GD32F103.elf.dir/device/src/gd32f10x_fmc.c.obj
ob_write_protection_enable                        CMakeFiles/GD32F103.elf.dir/device/src/gd32f10x_fmc.c.obj
ob_write_protection_get                           CMakeFiles/GD32F103.elf.dir/device/src/gd32f10x_fmc.c.obj